Component: ARM Compiler 5.05 update 1 (build 106) Tool: armlink [4d0efa]

==============================================================================

Section Cross References

    main.o(i.PID_Compute) refers to faddsub_clz.o(x$fpl$frsb) for __aeabi_frsub
    main.o(i.PID_Compute) refers to fmul.o(x$fpl$fmul) for __aeabi_fmul
    main.o(i.PID_Compute) refers to fleqf.o(x$fpl$fleqf) for __aeabi_cfcmple
    main.o(i.PID_Compute) refers to faddsub_clz.o(x$fpl$fadd) for __aeabi_fadd
    main.o(i.PID_Compute) refers to frleqf.o(x$fpl$frleqf) for __aeabi_cfrcmple
    main.o(i.PID_Compute) refers to faddsub_clz.o(x$fpl$fsub) for __aeabi_fsub
    main.o(i.PID_Compute) refers to fdiv.o(x$fpl$fdiv) for __aeabi_fdiv
    main.o(i.PID_Compute) refers to ffix.o(x$fpl$ffix) for __aeabi_f2iz
    main.o(i.PID_Compute) refers to main.o(.bss) for pid
    main.o(i.PID_Compute) refers to main.o(.data) for I_LIMIT
    main.o(i.PID_Init) refers to main.o(.bss) for pid
    main.o(i.Read_Encoder) refers to stm32f10x_tim.o(i.TIM_GetCounter) for TIM_GetCounter
    main.o(i.Read_Encoder) refers to stm32f10x_tim.o(i.TIM_SetCounter) for TIM_SetCounter
    main.o(i.main) refers to _scanf_int.o(.text) for _scanf_int
    main.o(i.main) refers to scanf1.o(x$fpl$scanf1) for _scanf_real
    main.o(i.main) refers to main.o(i.PID_Init) for PID_Init
    main.o(i.main) refers to delay.o(i.Delay_Init) for Delay_Init
    main.o(i.main) refers to usart1.o(i.Usart1_Init) for Usart1_Init
    main.o(i.main) refers to timer4.o(i.TIM4_Init) for TIM4_Init
    main.o(i.main) refers to encoder.o(i.Encoder_TIM2_Init) for Encoder_TIM2_Init
    main.o(i.main) refers to pwm.o(i.PWM_T3CH1_PA6_Init) for PWM_T3CH1_PA6_Init
    main.o(i.main) refers to led.o(i.LED_Init) for LED_Init
    main.o(i.main) refers to delay.o(i.Delay_Ms) for Delay_Ms
    main.o(i.main) refers to main.o(i.Read_Encoder) for Read_Encoder
    main.o(i.main) refers to fflt_clz.o(x$fpl$fflt) for __aeabi_i2f
    main.o(i.main) refers to fmul.o(x$fpl$fmul) for __aeabi_fmul
    main.o(i.main) refers to f2d.o(x$fpl$f2d) for __aeabi_f2d
    main.o(i.main) refers to ddiv.o(x$fpl$ddiv) for __aeabi_ddiv
    main.o(i.main) refers to d2f.o(x$fpl$d2f) for __aeabi_d2f
    main.o(i.main) refers to fleqf.o(x$fpl$fleqf) for __aeabi_cfcmple
    main.o(i.main) refers to dmul.o(x$fpl$dmul) for __aeabi_dmul
    main.o(i.main) refers to main.o(i.PID_Compute) for PID_Compute
    main.o(i.main) refers to stm32f10x_tim.o(i.TIM_SetCompare1) for TIM_SetCompare1
    main.o(i.main) refers to usart1.o(i.u1_printf) for u1_printf
    main.o(i.main) refers to __0sscanf.o(.text) for __0sscanf
    main.o(i.main) refers to stm32f10x_gpio.o(i.GPIO_ResetBits) for GPIO_ResetBits
    main.o(i.main) refers to stm32f10x_gpio.o(i.GPIO_SetBits) for GPIO_SetBits
    main.o(i.main) refers to usart1.o(.data) for Usart1_RxCompleted
    main.o(i.main) refers to main.o(.bss) for pid
    main.o(i.main) refers to usart1.o(.bss) for Usart1_RxBuff
    delay.o(i.Delay_Init) refers to misc.o(i.SysTick_CLKSourceConfig) for SysTick_CLKSourceConfig
    usart1.o(i.Usart1_Init) refers to misc.o(i.NVIC_PriorityGroupConfig) for NVIC_PriorityGroupConfig
    usart1.o(i.Usart1_Init) refers to stm32f10x_rcc.o(i.RCC_APB2PeriphClockCmd) for RCC_APB2PeriphClockCmd
    usart1.o(i.Usart1_Init) refers to stm32f10x_gpio.o(i.GPIO_Init) for GPIO_Init
    usart1.o(i.Usart1_Init) refers to stm32f10x_usart.o(i.USART_Init) for USART_Init
    usart1.o(i.Usart1_Init) refers to stm32f10x_usart.o(i.USART_ClearFlag) for USART_ClearFlag
    usart1.o(i.Usart1_Init) refers to stm32f10x_usart.o(i.USART_ITConfig) for USART_ITConfig
    usart1.o(i.Usart1_Init) refers to misc.o(i.NVIC_Init) for NVIC_Init
    usart1.o(i.Usart1_Init) refers to stm32f10x_usart.o(i.USART_Cmd) for USART_Cmd
    usart1.o(i.u1_printf) refers to c89vsprintf.o(.text) for __c89vsprintf
    usart1.o(i.u1_printf) refers to strlen.o(.text) for strlen
    usart1.o(i.u1_printf) refers to usart1.o(.bss) for Usart1_TxBuff
    timer4.o(i.TIM4_Init) refers to misc.o(i.NVIC_PriorityGroupConfig) for NVIC_PriorityGroupConfig
    timer4.o(i.TIM4_Init) refers to stm32f10x_rcc.o(i.RCC_APB1PeriphClockCmd) for RCC_APB1PeriphClockCmd
    timer4.o(i.TIM4_Init) refers to stm32f10x_tim.o(i.TIM_TimeBaseInit) for TIM_TimeBaseInit
    timer4.o(i.TIM4_Init) refers to stm32f10x_tim.o(i.TIM_ClearITPendingBit) for TIM_ClearITPendingBit
    timer4.o(i.TIM4_Init) refers to stm32f10x_tim.o(i.TIM_ITConfig) for TIM_ITConfig
    timer4.o(i.TIM4_Init) refers to stm32f10x_tim.o(i.TIM_Cmd) for TIM_Cmd
    timer4.o(i.TIM4_Init) refers to misc.o(i.NVIC_Init) for NVIC_Init
    stm32f10x_it.o(i.TIM4_IRQHandler) refers to stm32f10x_tim.o(i.TIM_GetITStatus) for TIM_GetITStatus
    stm32f10x_it.o(i.TIM4_IRQHandler) refers to stm32f10x_tim.o(i.TIM_Cmd) for TIM_Cmd
    stm32f10x_it.o(i.TIM4_IRQHandler) refers to stm32f10x_tim.o(i.TIM_ClearITPendingBit) for TIM_ClearITPendingBit
[...]
    .text                                    0x0800187c   Section        0  bigflt0.o(.text)
    .text                                    0x08001958   Section        0  _wcrtomb.o(.text)
    .text                                    0x08001998   Section        8  libspace.o(.text)
    .text                                    0x080019a0   Section       74  sys_stackheap_outer.o(.text)
    .text                                    0x080019ec   Section       16  rt_ctype_table.o(.text)
    .text                                    0x080019fc   Section        0  _rserrno.o(.text)
    .text                                    0x08001a14   Section        0  _printf_fp_infnan.o(.text)
    .text                                    0x08001a94   Section        0  scanf_hexfp.o(.text)
    .text                                    0x08001dac   Section        0  scanf_infnan.o(.text)
    .text                                    0x08001ee0   Section        0  exit.o(.text)
    .text                                    0x08001eec   Section      128  strcmpv7m.o(.text)
    .text                                    0x08001f6c   Section       38  llshl.o(.text)
    .text                                    0x08001f94   Section        0  sys_exit.o(.text)
    .text                                    0x08001fa0   Section        2  use_no_semi.o(.text)
    .text                                    0x08001fa2   Section        0  indicate_semi.o(.text)
    CL$$btod_d2e                             0x08001fa2   Section       62  btod.o(CL$$btod_d2e)
    CL$$btod_d2e_denorm_low                  0x08001fe0   Section       70  btod.o(CL$$btod_d2e_denorm_low)
    CL$$btod_d2e_norm_op1                    0x08002026   Section       96  btod.o(CL$$btod_d2e_norm_op1)
    CL$$btod_div_common                      0x08002086   Section      824  btod.o(CL$$btod_div_common)
    CL$$btod_e2d                             0x080023c0   Section       84  btod.o(CL$$btod_e2d)
    CL$$btod_e2e                             0x08002414   Section      198  btod.o(CL$$btod_e2e)
    CL$$btod_ediv                            0x080024da   Section       40  btod.o(CL$$btod_ediv)
    CL$$btod_edivd                           0x08002502   Section       40  btod.o(CL$$btod_edivd)
    CL$$btod_emul                            0x0800252a   Section       40  btod.o(CL$$btod_emul)
    CL$$btod_emuld                           0x08002552   Section       40  btod.o(CL$$btod_emuld)
    CL$$btod_mult_common                     0x0800257a   Section      580  btod.o(CL$$btod_mult_common)
    i.BusFault_Handler                       0x080027be   Section        0  stm32f10x_it.o(i.BusFault_Handler)
    i.DebugMon_Handler                       0x080027c0   Section        0  stm32f10x_it.o(i.DebugMon_Handler)
    i.Delay_Init                             0x080027c2   Section        0  delay.o(i.Delay_Init)
    i.Delay_Ms                               0x080027d0   Section        0  delay.o(i.Delay_Ms)
    i.Encoder_TIM2_Init                      0x080028c8   Section        0  encoder.o(i.Encoder_TIM2_Init)
    i.GPIO_Init                              0x08002934   Section        0  stm32f10x_gpio.o(i.GPIO_Init)
    i.GPIO_ResetBits                         0x08002a4a   Section        0  stm32f10x_gpio.o(i.GPIO_ResetBits)
    i.GPIO_SetBits                           0x08002a4e   Section        0  stm32f10x_gpio.o(i.GPIO_SetBits)
    i.HardFault_Handler                      0x08002a52   Section        0  stm32f10x_it.o(i.HardFault_Handler)
    i.LED_AllOff                             0x08002a54   Section        0  led.o(i.LED_AllOff)
    i.LED_Init                               0x08002a6c   Section        0  led.o(i.LED_Init)
    i.MemManage_Handler                      0x08002a9c   Section        0  stm32f10x_it.o(i.MemManage_Handler)
    i.NMI_Handler                            0x08002a9e   Section        0  stm32f10x_it.o(i.NMI_Handler)
    i.NVIC_Init                              0x08002aa0   Section        0  misc.o(i.NVIC_Init)
    i.NVIC_PriorityGroupConfig               0x08002b10   Section        0  misc.o(i.NVIC_PriorityGroupConfig)
    i.PID_Compute                            0x08002b24   Section        0  main.o(i.PID_Compute)
    i.PID_Init                               0x08002c3c   Section        0  main.o(i.PID_Init)
    i.PWM_T3CH1_PA6_Init                     0x08002c60   Section        0  pwm.o(i.PWM_T3CH1_PA6_Init)
    i.PendSV_Handler                         0x08002cf4   Section        0  stm32f10x_it.o(i.PendSV_Handler)
    i.RCC_APB1PeriphClockCmd                 0x08002cf8   Section        0  stm32f10x_rcc.o(i.RCC_APB1PeriphClockCmd)
    i.RCC_APB2PeriphClockCmd                 0x08002d18   Section        0  stm32f10x_rcc.o(i.RCC_APB2PeriphClockCmd)
    i.RCC_GetClocksFreq                      0x08002d38   Section        0  stm32f10x_rcc.o(i.RCC_GetClocksFreq)
    i.Read_Encoder                           0x08002e0c   Section        0  main.o(i.Read_Encoder)
    i.SVC_Handler                            0x08002e26   Section        0  stm32f10x_it.o(i.SVC_Handler)
    i.SetSysClock                            0x08002e28   Section        0  system_stm32f10x.o(i.SetSysClock)
    SetSysClock                              0x08002e29   Thumb Code     8  system_stm32f10x.o(i.SetSysClock)
    i.SetSysClockTo72                        0x08002e30   Section        0  system_stm32f10x.o(i.SetSysClockTo72)
    SetSysClockTo72                          0x08002e31   Thumb Code   214  system_stm32f10x.o(i.SetSysClockTo72)
    i.SysTick_CLKSourceConfig                0x08002f10   Section        0  misc.o(i.SysTick_CLKSourceConfig)
    i.SysTick_Handler                        0x08002f38   Section        0  stm32f10x_it.o(i.SysTick_Handler)
    i.SystemInit                             0x08002f3c   Section        0  system_stm32f10x.o(i.SystemInit)
    i.TIM4_IRQHandler                        0x08002f9c   Section        0  stm32f10x_it.o(i.TIM4_IRQHandler)
    i.TIM4_Init                              0x08002fc8   Section        0  timer4.o(i.TIM4_Init)
    i.TIM_ARRPreloadConfig                   0x08003038   Section        0  stm32f10x_tim.o(i.TIM_ARRPreloadConfig)
    i.TIM_ClearITPendingBit                  0x08003050   Section        0  stm32f10x_tim.o(i.TIM_ClearITPendingBit)
    i.TIM_Cmd                                0x08003056   Section        0  stm32f10x_tim.o(i.TIM_Cmd)
    i.TIM_EncoderInterfaceConfig             0x0800306e   Section        0  stm32f10x_tim.o(i.TIM_EncoderInterfaceConfig)
    i.TIM_GetCounter                         0x080030b0   Section        0  stm32f10x_tim.o(i.TIM_GetCounter)
    i.TIM_GetITStatus                        0x080030b6   Section        0  stm32f10x_tim.o(i.TIM_GetITStatus)
    i.TIM_ITConfig                           0x080030d8   Section        0  stm32f10x_tim.o(i.TIM_ITConfig)
    i.TIM_OC1Init                            0x080030ec   Section        0  stm32f10x_tim.o(i.TIM_OC1Init)
    i.TIM_OC1PreloadConfig                   0x08003184   Section        0  stm32f10x_tim.o(i.TIM_OC1PreloadConfig)
    i.TIM_SetCompare1                        0x08003196   Section        0  stm32f10x_tim.o(i.TIM_SetCompare1)
    i.TIM_SetCounter                         0x0800319a   Section        0  stm32f10x_tim.o(i.TIM_SetCounter)
    i.TIM_TimeBaseInit                       0x080031a0   Section        0  stm32f10x_tim.o(i.TIM_TimeBaseInit)
    i.USART1_IRQHandler                      0x08003244   Section        0  stm32f10x_it.o(i.USART1_IRQHandler)
    i.USART_ClearFlag                        0x08003294   Section        0  stm32f10x_usart.o(i.USART_ClearFlag)
    i.USART_Cmd                              0x080032a6   Section        0  stm32f10x_usart.o(i.USART_Cmd)
    i.USART_GetITStatus                      0x080032be   Section        0  stm32f10x_usart.o(i.USART_GetITStatus)
    i.USART_ITConfig                         0x08003312   Section        0  stm32f10x_usart.o(i.USART_ITConfig)
    i.USART_Init                             0x0800335c   Section        0  stm32f10x_usart.o(i.USART_Init)
    i.USART_ReceiveData                      0x08003434   Section        0  stm32f10x_usart.o(i.USART_ReceiveData)
    i.UsageFault_Handler                     0x0800343e   Section        0  stm32f10x_it.o(i.UsageFault_Handler)
    i.Usart1_Init                            0x08003440   Section        0  usart1.o(i.Usart1_Init)
    i.__ARM_fpclassify                       0x080034f8   Section        0  fpclassify.o(i.__ARM_fpclassify)
    i.__mathlib_dbl_overflow                 0x08003520   Section        0  dunder.o(i.__mathlib_dbl_overflow)
    i.__mathlib_dbl_underflow                0x08003530   Section        0  dunder.o(i.__mathlib_dbl_underflow)
    i.__mathlib_narrow                       0x08003540   Section        0  narrow.o(i.__mathlib_narrow)
    i.__mathlib_tofloat                      0x08003550   Section        0  narrow.o(i.__mathlib_tofloat)
    i.__support_ldexp                        0x080035d8   Section        0  ldexp.o(i.__support_ldexp)
    i._is_digit                              0x080035ee   Section        0  __printf_wp.o(i._is_digit)
    i.frexp                                  0x080035fc   Section        0  frexp.o(i.frexp)
    i.ldexp                                  0x08003654   Section        0  ldexp.o(i.ldexp)
    i.main                                   0x080036c8   Section        0  main.o(i.main)
    i.u1_printf                              0x080038c4   Section        0  usart1.o(i.u1_printf)
    locale$$code                             0x08003920   Section       44  lc_numeric_c.o(locale$$code)
    locale$$code                             0x0800394c   Section       44  lc_ctype_c.o(locale$$code)
    x$fpl$d2f                                0x08003978   Section       98  d2f.o(x$fpl$d2f)
    x$fpl$dcheck1                            0x080039dc   Section       16  dcheck1.o(x$fpl$dcheck1)
    x$fpl$dcmpinf                            0x080039ec   Section       24  dcmpi.o(x$fpl$dcmpinf)
    x$fpl$ddiv                               0x08003a04   Section      688  ddiv.o(x$fpl$ddiv)
    ddiv_entry                               0x08003a0b   Thumb Code     0  ddiv.o(x$fpl$ddiv)
    x$fpl$deqf                               0x08003cb4   Section      120  deqf.o(x$fpl$deqf)
    x$fpl$dleqf                              0x08003d2c   Section      120  dleqf.o(x$fpl$dleqf)
    x$fpl$dmul                               0x08003da4   Section      340  dmul.o(x$fpl$dmul)
    x$fpl$dnaninf                            0x08003ef8   Section      156  dnaninf.o(x$fpl$dnaninf)
    x$fpl$dretinf                            0x08003f94   Section       12  dretinf.o(x$fpl$dretinf)
    x$fpl$drleqf                             0x08003fa0   Section      108  drleqf.o(x$fpl$drleqf)
    x$fpl$f2d                                0x0800400c   Section       86  f2d.o(x$fpl$f2d)
    x$fpl$fadd                               0x08004064   Section      196  faddsub_clz.o(x$fpl$fadd)
    _fadd1                                   0x08004073   Thumb Code     0  faddsub_clz.o(x$fpl$fadd)
    x$fpl$fcmpinf                            0x08004128   Section       24  fcmpi.o(x$fpl$fcmpinf)
    x$fpl$fdiv                               0x08004140   Section      388  fdiv.o(x$fpl$fdiv)
    _fdiv1                                   0x08004141   Thumb Code     0  fdiv.o(x$fpl$fdiv)
    x$fpl$ffix                               0x080042c4   Section       54  ffix.o(x$fpl$ffix)
    x$fpl$fflt                               0x080042fc   Section       48  fflt_clz.o(x$fpl$fflt)
    x$fpl$fleqf                              0x0800432c   Section      104  fleqf.o(x$fpl$fleqf)
    x$fpl$fmul                               0x08004394   Section      258  fmul.o(x$fpl$fmul)
    x$fpl$fnaninf                            0x08004496   Section      140  fnaninf.o(x$fpl$fnaninf)
    x$fpl$fretinf                            0x08004522   Section       10  fretinf.o(x$fpl$fretinf)
    x$fpl$frleqf                             0x0800452c   Section       98  frleqf.o(x$fpl$frleqf)
    x$fpl$frsb                               0x0800458e   Section       20  faddsub_clz.o(x$fpl$frsb)
    x$fpl$fsub                               0x080045a4   Section      234  faddsub_clz.o(x$fpl$fsub)
    _fsub1                                   0x080045b3   Thumb Code     0  faddsub_clz.o(x$fpl$fsub)
    x$fpl$printf1                            0x0800468e   Section        4  printf1.o(x$fpl$printf1)
    x$fpl$retnan                             0x08004692   Section      100  retnan.o(x$fpl$retnan)
    x$fpl$scalbn                             0x080046f6   Section       92  scalbn.o(x$fpl$scalbn)
    x$fpl$scanf1                             0x08004752   Section        4  scanf1.o(x$fpl$scanf1)
    x$fpl$scanf2                             0x08004756   Section        8  scanf2.o(x$fpl$scanf2)
    x$fpl$trapveneer                         0x0800475e   Section       48  trapv.o(x$fpl$trapveneer)
    x$fpl$usenofp                            0x0800478e   Section        0  usenofp.o(x$fpl$usenofp)
    .constdata                               0x08004790   Section        8  _printf_wctomb.o(.constdata)
    initial_mbstate                          0x08004790   Data           8  _printf_wctomb.o(.constdata)
    .constdata                               0x08004798   Section       40  _printf_hex_int_ll_ptr.o(.constdata)
    uc_hextab                                0x08004798   Data          20  _printf_hex_int_ll_ptr.o(.constdata)
    lc_hextab                                0x080047ac   Data          20  _printf_hex_int_ll_ptr.o(.constdata)
    .constdata                               0x080047c0   Section       17  __printf_flags_ss_wp.o(.constdata)
    maptable                                 0x080047c0   Data          17  __printf_flags_ss_wp.o(.constdata)
    .constdata                               0x080047d4   Section      148  bigflt0.o(.constdata)
    tenpwrs_x                                0x080047d4   Data          60  bigflt0.o(.constdata)
    tenpwrs_i                                0x08004810   Data          64  bigflt0.o(.constdata)
    c$$dinf                                  0x08004888   Section        8  fpconst.o(c$$dinf)
    locale$$data                             0x08004890   Section       28  lc_numeric_c.o(locale$$data)
    __lcnum_c_name                           0x08004894   Data           2  lc_numeric_c.o(locale$$data)
    __lcnum_c_start                          0x0800489c   Data           0  lc_numeric_c.o(locale$$data)
    __lcnum_c_point                          0x080048a8   Data           0  lc_numeric_c.o(locale$$data)
    __lcnum_c_thousands                      0x080048aa   Data           0  lc_numeric_c.o(locale$$data)
    __lcnum_c_grouping                       0x080048ab   Data           0  lc_numeric_c.o(locale$$data)
    locale$$data                             0x080048ac   Section      272  lc_ctype_c.o(locale$$data)
    __lcnum_c_end                            0x080048ac   Data           0  lc_numeric_c.o(locale$$data)
    __lcctype_c_name                         0x080048b0   Data           2  lc_ctype_c.o(locale$$data)
    __lcctype_c_start                        0x080048b8   Data           0  lc_ctype_c.o(locale$$data)
    __lcctype_c_end                          0x080049bc   Data           0  lc_ctype_c.o(locale$$data)
    .data                                    0x20000000   Section        8  main.o(.data)
    .data                                    0x20000008   Section        8  usart1.o(.data)
    .data                                    0x20000010   Section       20  stm32f10x_rcc.o(.data)
    APBAHBPrescTable                         0x20000010   Data          16  stm32f10x_rcc.o(.data)
    ADCPrescTable                            0x20000020   Data           4  stm32f10x_rcc.o(.data)
    .bss                                     0x20000024   Section       40  main.o(.bss)
    .bss                                     0x20000050   Section      512  usart1.o(.bss)
    .bss                                     0x20000250   Section       96  libspace.o(.bss)
    HEAP                                     0x200002b0   Section      512  startup_stm32f10x_hd.o(HEAP)
    Heap_Mem                                 0x200002b0   Data         512  startup_stm32f10x_hd.o(HEAP)
    STACK                                    0x200004b0   Section     1024  startup_stm32f10x_hd.o(STACK)
    Stack_Mem                                0x200004b0   Data        1024  startup_stm32f10x_hd.o(STACK)
    __initial_sp                             0x200008b0   Data           0  startup_stm32f10x_hd.o(STACK)

    Global Symbols

    Symbol Name                              Value     Ov Type        Size  Object(Section)

    BuildAttributes$$THM_ISAv4$P$D$K$B$S$PE$A:L22UL41UL21$X:L11$S22US41US21$IEEE1$IW$USESV6$~STKCKD$USESV7$~SHL$OTIME$ROPI$IEEEX$EBA8$UX$STANDARDLIB$REQ8$PRES8$EABIv2 0x00000000   Number         0  anon$$obj.o ABSOLUTE
    __ARM_use_no_argv                        0x00000000   Number         0  main.o ABSOLUTE
    _printf_flags                            0x00000000   Number         0  printf_stubs.o ABSOLUTE
    _printf_return_value                     0x00000000   Number         0  printf_stubs.o ABSOLUTE
    _printf_sizespec                         0x00000000   Number         0  printf_stubs.o ABSOLUTE
    _printf_widthprec                        0x00000000   Number         0  printf_stubs.o ABSOLUTE
    __ARM_exceptions_init                     - Undefined Weak Reference
    __alloca_initialize                       - Undefined Weak Reference
    __arm_preinit_                            - Undefined Weak Reference
    __cpp_initialize__aeabi_                  - Undefined Weak Reference
    __cxa_finalize                            - Undefined Weak Reference
    __sigvec_lookup                           - Undefined Weak Reference
    _atexit_init                              - Undefined Weak Reference
    _call_atexit_fns                          - Undefined Weak Reference
    _clock_init                               - Undefined Weak Reference
    _fp_trap_init                             - Undefined Weak Reference
    _fp_trap_shutdown                         - Undefined Weak Reference
    _get_lc_collate                           - Undefined Weak Reference
    _get_lc_monetary                          - Undefined Weak Reference
    _get_lc_time                              - Undefined Weak Reference
    _getenv_init                              - Undefined Weak Reference
    _handle_redirection                       - Undefined Weak Reference
    _init_alloc                               - Undefined Weak Reference
    _init_user_alloc                          - Undefined Weak Reference
    _initio                                   - Undefined Weak Reference
    _printf_fp_hex                            - Undefined Weak Reference
    _printf_mbtowc                            - Undefined Weak Reference
    _printf_wc                                - Undefined Weak Reference
    _rand_init                                - Undefined Weak Reference
    _scanf_longlong                           - Undefined Weak Reference
    _scanf_mbtowc                             - Undefined Weak Reference
    _scanf_string                             - Undefined Weak Reference
    _scanf_wctomb                             - Undefined Weak Reference
    _scanf_wstring                            - Undefined Weak Reference
    _signal_finish                            - Undefined Weak Reference
    _signal_init                              - Undefined Weak Reference
    _terminate_alloc                          - Undefined Weak Reference
    _terminate_user_alloc                     - Undefined Weak Reference
    _terminateio                              - Undefined Weak Reference
    __Vectors_Size                           0x00000130   Number         0  startup_stm32f10x_hd.o ABSOLUTE
    __Vectors                                0x08000000   Data           4  startup_stm32f10x_hd.o(RESET)
    __Vectors_End                            0x08000130   Data           0  startup_stm32f10x_hd.o(RESET)
    __main                                   0x08000131   Thumb Code     8  __main.o(!!!main)
    __scatterload                            0x08000139   Thumb Code     0  __scatter.o(!!!scatter)
    __scatterload_rt2                        0x08000139   Thumb Code    44  __scatter.o(!!!scatter)
    __scatterload_rt2_thumb_only             0x08000139   Thumb Code     0  __scatter.o(!!!scatter)
    __scatterload_null                       0x08000147   Thumb Code     0  __scatter.o(!!!scatter)
    __scatterload_copy                       0x0800016d   Thumb Code    26  __scatter_copy.o(!!handler_copy)
    __scatterload_zeroinit                   0x08000189   Thumb Code    28  __scatter_zi.o(!!handler_zi)
    _printf_n                                0x080001a5   Thumb Code     0  _printf_n.o(.ARM.Collect$$_printf_percent$$00000001)
    _printf_percent                          0x080001a5   Thumb Code     0  _printf_percent.o(.ARM.Collect$$_printf_percent$$00000000)
    _printf_p                                0x080001ab   Thumb Code     0  _printf_p.o(.ARM.Collect$$_printf_percent$$00000002)
    _printf_f                                0x080001b1   Thumb Code     0  _printf_f.o(.ARM.Collect$$_printf_percent$$00000003)
    _printf_e                                0x080001b7   Thumb Code     0  _printf_e.o(.ARM.Collect$$_printf_percent$$00000004)
    _printf_g                                0x080001bd   Thumb Code     0  _printf_g.o(.ARM.Collect$$_printf_percent$$00000005)
    _printf_a                                0x080001c3   Thumb Code     0  _printf_a.o(.ARM.Collect$$_printf_percent$$00000006)
    _printf_ll                               0x080001c9   Thumb Code     0  _printf_ll.o(.ARM.Collect$$_printf_percent$$00000007)
    _printf_i                                0x080001d3   Thumb Code     0  _printf_i.o(.ARM.Collect$$_printf_percent$$00000008)
    _printf_d                                0x080001d9   Thumb Code     0  _printf_d.o(.ARM.Collect$$_printf_percent$$00000009)
    _printf_u                                0x080001df   Thumb Code     0  _printf_u.o(.ARM.Collect$$_printf_percent$$0000000A)
    _printf_o                                0x080001e5   Thumb Code     0  _printf_o.o(.ARM.Collect$$_printf_percent$$0000000B)
    _printf_x                                0x080001eb   Thumb Code     0  _printf_x.o(.ARM.Collect$$_printf_percent$$0000000C)
    _printf_lli                              0x080001f1   Thumb Code     0  _printf_lli.o(.ARM.Collect$$_printf_percent$$0000000D)
    _printf_lld                              0x080001f7   Thumb Code     0  _printf_lld.o(.ARM.Collect$$_printf_percent$$0000000E)
    _printf_llu                              0x080001fd   Thumb Code     0  _printf_llu.o(.ARM.Collect$$_printf_percent$$0000000F)
    _printf_llo                              0x08000203   Thumb Code     0  _printf_llo.o(.ARM.Collect$$_printf_percent$$00000010)
    _printf_llx                              0x08000209   Thumb Code     0  _printf_llx.o(.ARM.Collect$$_printf_percent$$00000011)
    _printf_l                                0x0800020f   Thumb Code     0  _printf_l.o(.ARM.Collect$$_printf_percent$$00000012)
    _printf_c                                0x08000219   Thumb Code     0  _printf_c.o(.ARM.Collect$$_printf_percent$$00000013)
    _printf_s                                0x0800021f   Thumb Code     0  _printf_s.o(.ARM.Collect$$_printf_percent$$00000014)
    _printf_lc                               0x08000225   Thumb Code     0  _printf_lc.o(.ARM.Collect$$_printf_percent$$00000015)
    _printf_ls                               0x0800022b   Thumb Code     0  _printf_ls.o(.ARM.Collect$$_printf_percent$$00000016)
    _printf_percent_end                      0x08000231   Thumb Code     0  _printf_percent_end.o(.ARM.Collect$$_printf_percent$$00000017)
    __rt_lib_init                            0x08000235   Thumb Code     0  libinit.o(.ARM.Collect$$libinit$$00000000)
    __rt_lib_init_fp_1                       0x08000237   Thumb Code     0  libinit2.o(.ARM.Collect$$libinit$$00000002)
    __rt_lib_init_heap_1                     0x08000237   Thumb Code     0  libinit2.o(.ARM.Collect$$libinit$$0000000A)
    __rt_lib_init_lc_common                  0x08000237   Thumb Code     0  libinit2.o(.ARM.Collect$$libinit$$0000000F)
    __rt_lib_init_preinit_1                  0x08000237   Thumb Code     0  libinit2.o(.ARM.Collect$$libinit$$00000004)
    __rt_lib_init_rand_1                     0x08000237   Thumb Code     0  libinit2.o(.ARM.Collect$$libinit$$0000000E)
    __rt_lib_init_user_alloc_1               0x08000237   Thumb Code     0  libinit2.o(.ARM.Collect$$libinit$$0000000C)
    __rt_lib_init_lc_collate_1               0x0800023d   Thumb Code     0  libinit2.o(.ARM.Collect$$libinit$$00000011)
    __rt_lib_init_lc_ctype_2                 0x0800023d   Thumb Code     0  libinit2.o(.ARM.Collect$$libinit$$00000012)
    __rt_lib_init_lc_ctype_1                 0x08000249   Thumb Code     0  libinit2.o(.ARM.Collect$$libinit$$00000013)
    __rt_lib_init_lc_monetary_1              0x08000249   Thumb Code     0  libinit2.o(.ARM.Collect$$libinit$$00000015)
    __rt_lib_init_lc_numeric_2               0x08000249   Thumb Code     0  libinit2.o(.ARM.Collect$$libinit$$00000016)
    __rt_lib_init_alloca_1                   0x08000253   Thumb Code     0  libinit2.o(.ARM.Collect$$libinit$$0000002E)
    __rt_lib_init_argv_1                     0x08000253   Thumb Code     0  libinit2.o(.ARM.Collect$$libinit$$0000002C)
    __rt_lib_init_atexit_1                   0x08000253   Thumb Code     0  libinit2.o(.ARM.Collect$$libinit$$0000001B)
    __rt_lib_init_clock_1                    0x08000253   Thumb Code     0  libinit2.o(.ARM.Collect$$libinit$$00000021)
    __rt_lib_init_cpp_1                      0x08000253   Thumb Code     0  libinit2.o(.ARM.Collect$$libinit$$00000032)
    __rt_lib_init_exceptions_1               0x08000253   Thumb Code     0  libinit2.o(.ARM.Collect$$libinit$$00000030)
    __rt_lib_init_fp_trap_1                  0x08000253   Thumb Code     0  libinit2.o(.ARM.Collect$$libinit$$0000001F)
    __rt_lib_init_getenv_1                   0x08000253   Thumb Code     0  libinit2.o(.ARM.Collect$$libinit$$00000023)
    __rt_lib_init_lc_numeric_1               0x08000253   Thumb Code     0  libinit2.o(.ARM.Collect$$libinit$$00000017)
    __rt_lib_init_lc_time_1                  0x08000253   Thumb Code     0  libinit2.o(.ARM.Collect$$libinit$$00000019)
    __rt_lib_init_return                     0x08000253   Thumb Code     0  libinit2.o(.ARM.Collect$$libinit$$00000033)
    __rt_lib_init_signal_1                   0x08000253   Thumb Code     0  libinit2.o(.ARM.Collect$$libinit$$0000001D)
    __rt_lib_init_stdio_1                    0x08000253   Thumb Code     0  libinit2.o(.ARM.Collect$$libinit$$00000025)
    __rt_lib_shutdown                        0x08000255   Thumb Code     0  libshutdown.o(.ARM.Collect$$libshutdown$$00000000)
    __rt_lib_shutdown_fp_trap_1              0x08000257   Thumb Code     0  libshutdown2.o(.ARM.Collect$$libshutdown$$00000006)
    __rt_lib_shutdown_heap_1                 0x08000257   Thumb Code     0  libshutdown2.o(.ARM.Collect$$libshutdown$$0000000E)
    __rt_lib_shutdown_return                 0x08000257   Thumb Code     0  libshutdown2.o(.ARM.Collect$$libshutdown$$0000000F)
    __rt_lib_shutdown_signal_1               0x08000257   Thumb Code     0  libshutdown2.o(.ARM.Collect$$libshutdown$$00000009)
    __rt_lib_shutdown_stdio_1                0x08000257   Thumb Code     0  libshutdown2.o(.ARM.Collect$$libshutdown$$00000003)
    __rt_lib_shutdown_user_alloc_1           0x08000257   Thumb Code     0  libshutdown2.o(.ARM.Collect$$libshutdown$$0000000B)
    __rt_entry                               0x08000259   Thumb Code     0  __rtentry.o(.ARM.Collect$$rtentry$$00000000)
    __rt_entry_presh_1                       0x08000259   Thumb Code     0  __rtentry2.o(.ARM.Collect$$rtentry$$00000002)
    __rt_entry_sh                            0x08000259   Thumb Code     0  __rtentry4.o(.ARM.Collect$$rtentry$$00000004)
    __rt_entry_li                            0x0800025f   Thumb Code     0  __rtentry2.o(.ARM.Collect$$rtentry$$0000000A)
    __rt_entry_postsh_1                      0x0800025f   Thumb Code     0  __rtentry2.o(.ARM.Collect$$rtentry$$00000009)
    __rt_entry_main                          0x08000263   Thumb Code     0  __rtentry2.o(.ARM.Collect$$rtentry$$0000000D)
    __rt_entry_postli_1                      0x08000263   Thumb Code     0  __rtentry2.o(.ARM.Collect$$rtentry$$0000000C)
    __rt_exit                                0x0800026b   Thumb Code     0  rtexit.o(.ARM.Collect$$rtexit$$00000000)
    __rt_exit_ls                             0x0800026d   Thumb Code     0  rtexit2.o(.ARM.Collect$$rtexit$$00000003)
    __rt_exit_prels_1                        0x0800026d   Thumb Code     0  rtexit2.o(.ARM.Collect$$rtexit$$00000002)
    __rt_exit_exit                           0x08000271   Thumb Code     0  rtexit2.o(.ARM.Collect$$rtexit$$00000004)
    Reset_Handler                            0x08000279   Thumb Code     8  startup_stm32f10x_hd.o(.text)
    ADC1_2_IRQHandler                        0x08000293   Thumb Code     0  startup_stm32f10x_hd.o(.text)
    ADC3_IRQHandler                          0x08000293   Thumb Code     0  startup_stm32f10x_hd.o(.text)
    CAN1_RX1_IRQHandler                      0x08000293   Thumb Code     0  startup_stm32f10x_hd.o(.text)
    CAN1_SCE_IRQHandler                      0x08000293   Thumb Code     0  startup_stm32f10x_hd.o(.text)
    DMA1_Channel1_IRQHandler                 0x08000293   Thumb Code     0  startup_stm32f10x_hd.o(.text)
    DMA1_Channel2_IRQHandler                 0x08000293   Thumb Code     0  startup_stm32f10x_hd.o(.text)
    DMA1_Channel3_IRQHandler                 0x08000293   Thumb Code     0  startup_stm32f10x_hd.o(.text)
    DMA1_Channel4_IRQHandler                 0x08000293   Thumb Code     0  startup_stm32f10x_hd.o(.text)
    DMA1_Channel5_IRQHandler                 0x08000293   Thumb Code     0  startup_stm32f10x_hd.o(.text)
    DMA1_Channel6_IRQHandler                 0x08000293   Thumb Code     0  startup_stm32f10x_hd.o(.text)
    DMA1_Channel7_IRQHandler                 0x08000293   Thumb Code     0  startup_stm32f10x_hd.o(.text)
    DMA2_Channel1_IRQHandler                 0x08000293   Thumb Code     0  startup_stm32f10x_hd.o(.text)
    DMA2_Channel2_IRQHandler                 0x08000293   Thumb Code     0  startup_stm32f10x_hd.o(.text)
    DMA2_Channel3_IRQHandler                 0x08000293   Thumb Code     0  startup_stm32f10x_hd.o(.text)
    DMA2_Channel4_5_IRQHandler               0x08000293   Thumb Code     0  startup_stm32f10x_hd.o(.text)
    EXTI0_IRQHandler                         0x08000293   Thumb Code     0  startup_stm32f10x_hd.o(.text)
    EXTI15_10_IRQHandler                     0x08000293   Thumb Code     0  startup_stm32f10x_hd.o(.text)
    EXTI1_IRQHandler                         0x08000293   Thumb Code     0  startup_stm32f10x_hd.o(.text)
    EXTI2_IRQHandler                         0x08000293   Thumb Code     0  startup_stm32f10x_hd.o(.text)
    EXTI3_IRQHandler                         0x08000293   Thumb Code     0  startup_stm32f10x_hd.o(.text)
    EXTI4_IRQHandler                         0x08000293   Thumb Code     0  startup_stm32f10x_hd.o(.text)
    EXTI9_5_IRQHandler                       0x08000293   Thumb Code     0  startup_stm32f10x_hd.o(.text)
    FLASH_IRQHandler                         0x08000293   Thumb Code     0  startup_stm32f10x_hd.o(.text)
    FSMC_IRQHandler                          0x08000293   Thumb Code     0  startup_stm32f10x_hd.o(.text)
    I2C1_ER_IRQHandler                       0x08000293   Thumb Code     0  startup_stm32f10x_hd.o(.text)
    I2C1_EV_IRQHandler                       0x08000293   Thumb Code     0  startup_stm32f10x_hd.o(.text)
    I2C2_ER_IRQHandler                       0x08000293   Thumb Code     0  startup_stm32f10x_hd.o(.text)
    I2C2_EV_IRQHandler                       0x08000293   Thumb Code     0  startup_stm32f10x_hd.o(.text)
    PVD_IRQHandler                           0x08000293   Thumb Code     0  startup_stm32f10x_hd.o(.text)
    RCC_IRQHandler                           0x08000293   Thumb Code     0  startup_stm32f10x_hd.o(.text)
    RTCAlarm_IRQHandler                      0x08000293   Thumb Code     0  startup_stm32f10x_hd.o(.text)
    RTC_IRQHandler                           0x08000293   Thumb Code     0  startup_stm32f10x_hd.o(.text)
    SDIO_IRQHandler                          0x08000293   Thumb Code     0  startup_stm32f10x_hd.o(.text)
    SPI1_IRQHandler                          0x08000293   Thumb Code     0  startup_stm32f10x_hd.o(.text)
    SPI2_IRQHandler                          0x08000293   Thumb Code     0  startup_stm32f10x_hd.o(.text)
    SPI3_IRQHandler                          0x08000293   Thumb Code     0  startup_stm32f10x_hd.o(.text)
    TAMPER_IRQHandler                        0x08000293   Thumb Code     0  startup_stm32f10x_hd.o(.text)
    TIM1_BRK_IRQHandler                      0x08000293   Thumb Code     0  startup_stm32f10x_hd.o(.text)
    TIM1_CC_IRQHandler                       0x08000293   Thumb Code     0  startup_stm32f10x_hd.o(.text)
    TIM1_TRG_COM_IRQHandler                  0x08000293   Thumb Code     0  startup_stm32f10x_hd.o(.text)
    TIM1_UP_IRQHandler                       0x08000293   Thumb Code     0  startup_stm32f10x_hd.o(.text)
    TIM2_IRQHandler                          0x08000293   Thumb Code     0  startup_stm32f10x_hd.o(.text)
    TIM3_IRQHandler                          0x08000293   Thumb Code     0  startup_stm32f10x_hd.o(.text)
    TIM5_IRQHandler                          0x08000293   Thumb Code     0  startup_stm32f10x_hd.o(.text)
    TIM6_IRQHandler                          0x08000293   Thumb Code     0  startup_stm32f10x_hd.o(.text)
    TIM7_IRQHandler                          0x08000293   Thumb Code     0  startup_stm32f10x_hd.o(.text)
    TIM8_BRK_IRQHandler                      0x08000293   Thumb Code     0  startup_stm32f10x_hd.o(.text)
    TIM8_CC_IRQHandler                       0x08000293   Thumb Code     0  startup_stm32f10x_hd.o(.text)
    TIM8_TRG_COM_IRQHandler                  0x08000293   Thumb Code     0  startup_stm32f10x_hd.o(.text)
    TIM8_UP_IRQHandler                       0x08000293   Thumb Code     0  startup_stm32f10x_hd.o(.text)
    UART4_IRQHandler                         0x08000293   Thumb Code     0  startup_stm32f10x_hd.o(.text)
    UART5_IRQHandler                         0x08000293   Thumb Code     0  startup_stm32f10x_hd.o(.text)
    USART2_IRQHandler                        0x08000293   Thumb Code     0  startup_stm32f10x_hd.o(.text)
    USART3_IRQHandler                        0x08000293   Thumb Code     0  startup_stm32f10x_hd.o(.text)
    USBWakeUp_IRQHandler                     0x08000293   Thumb Code     0  startup_stm32f10x_hd.o(.text)
    USB_HP_CAN1_TX_IRQHandler                0x08000293   Thumb Code     0  startup_stm32f10x_hd.o(.text)
    USB_LP_CAN1_RX0_IRQHandler               0x08000293   Thumb Code     0  startup_stm32f10x_hd.o(.text)
    WWDG_IRQHandler                          0x08000293   Thumb Code     0  startup_stm32f10x_hd.o(.text)
    __user_initial_stackheap                 0x08000295   Thumb Code     0  startup_stm32f10x_hd.o(.text)
    __c89vsprintf                            0x080002b9   Thumb Code    32  c89vsprintf.o(.text)
    __0sscanf                                0x080002dd   Thumb Code    52  __0sscanf.o(.text)
    _scanf_int                               0x08000319   Thumb Code   332  _scanf_int.o(.text)
    strlen                                   0x08000465   Thumb Code    62  strlen.o(.text)
    __use_two_region_memory                  0x080004a3   Thumb Code     2  heapauxi.o(.text)
    __rt_heap_escrow$2region                 0x080004a5   Thumb Code     2  heapauxi.o(.text)
    __rt_heap_expand$2region                 0x080004a7   Thumb Code     2  heapauxi.o(.text)
    _printf_pre_padding                      0x080004a9   Thumb Code    44  _printf_pad.o(.text)
    _printf_post_padding                     0x080004d5   Thumb Code    34  _printf_pad.o(.text)
    _printf_truncate_signed                  0x080004f7   Thumb Code    18  _printf_truncate.o(.text)
    _printf_truncate_unsigned                0x08000509   Thumb Code    18  _printf_truncate.o(.text)
    _printf_str                              0x0800051b   Thumb Code    82  _printf_str.o(.text)
    _printf_int_dec                          0x0800056d   Thumb Code   104  _printf_dec.o(.text)
    _printf_charcount                        0x080005e5   Thumb Code    40  _printf_charcount.o(.text)
    _printf_char_common                      0x08000617   Thumb Code    32  _printf_char_common.o(.text)
    _sputc                                   0x0800063d   Thumb Code    10  _sputc.o(.text)
    _printf_wctomb                           0x08000649   Thumb Code   182  _printf_wctomb.o(.text)
    _printf_longlong_dec                     0x08000705   Thumb Code   108  _printf_longlong_dec.o(.text)
    _printf_longlong_oct                     0x08000781   Thumb Code    68  _printf_oct_int_ll.o(.text)
    _printf_int_oct                          0x080007c5   Thumb Code    24  _printf_oct_int_ll.o(.text)
    _printf_ll_oct                           0x080007dd   Thumb Code    12  _printf_oct_int_ll.o(.text)
    _printf_longlong_hex                     0x080007f1   Thumb Code    86  _printf_hex_int_ll_ptr.o(.text)
    _printf_int_hex                          0x08000847   Thumb Code    28  _printf_hex_int_ll_ptr.o(.text)
    _printf_ll_hex                           0x08000863   Thumb Code    12  _printf_hex_int_ll_ptr.o(.text)
    _printf_hex_ptr                          0x0800086f   Thumb Code    18  _printf_hex_int_ll_ptr.o(.text)
    __printf                                 0x08000885   Thumb Code   388  __printf_flags_ss_wp.o(.text)
    _chval                                   0x08000a0d   Thumb Code    28  _chval.o(.text)
    _scanf_really_real                       0x08000c25   Thumb Code   668  scanf_fp.o(.text)
    __vfscanf_char                           0x08000ed9   Thumb Code    24  scanf_char.o(.text)
    _sgetc                                   0x08000ef9   Thumb Code    30  _sgetc.o(.text)
    _sbackspace                              0x08000f17   Thumb Code    34  _sgetc.o(.text)
    __rt_locale                              0x08000f39   Thumb Code     8  rt_locale_intlibspace.o(.text)
    __aeabi_errno_addr                       0x08000f41   Thumb Code     8  rt_errno_addr_intlibspace.o(.text)
    __errno$intlibspace                      0x08000f41   Thumb Code     0  rt_errno_addr_intlibspace.o(.text)
    __rt_errno_addr$intlibspace              0x08000f41   Thumb Code     0  rt_errno_addr_intlibspace.o(.text)
    _ll_udiv10                               0x08000f49   Thumb Code   138  lludiv10.o(.text)
    isspace                                  0x08000fd3   Thumb Code    18  isspace.o(.text)
    _printf_int_common                       0x08000fe5   Thumb Code   178  _printf_intcommon.o(.text)
    __lib_sel_fp_printf                      0x08001097   Thumb Code     2  _printf_fp_dec.o(.text)
    _printf_fp_dec_real                      0x08001245   Thumb Code   620  _printf_fp_dec.o(.text)
    _printf_cs_common                        0x080014b1   Thumb Code    20  _printf_char.o(.text)
    _printf_char                             0x080014c5   Thumb Code    16  _printf_char.o(.text)
    _printf_string                           0x080014d5   Thumb Code     8  _printf_char.o(.text)
    _printf_lcs_common                       0x080014dd   Thumb Code    20  _printf_wchar.o(.text)
    _printf_wchar                            0x080014f1   Thumb Code    16  _printf_wchar.o(.text)
    _printf_wstring                          0x08001501   Thumb Code     8  _printf_wchar.o(.text)
    __vfscanf                                0x08001509   Thumb Code   878  _scanf.o(.text)
    _btod_etento                             0x0800187d   Thumb Code   216  bigflt0.o(.text)
    _wcrtomb                                 0x08001959   Thumb Code    64  _wcrtomb.o(.text)
    __user_libspace                          0x08001999   Thumb Code     8  libspace.o(.text)
    __user_perproc_libspace                  0x08001999   Thumb Code     0  libspace.o(.text)
    __user_perthread_libspace                0x08001999   Thumb Code     0  libspace.o(.text)
    __user_setup_stackheap                   0x080019a1   Thumb Code    74  sys_stackheap_outer.o(.text)
    __rt_ctype_table                         0x080019ed   Thumb Code    16  rt_ctype_table.o(.text)
    __read_errno                             0x080019fd   Thumb Code    10  _rserrno.o(.text)
    __set_errno                              0x08001a07   Thumb Code    12  _rserrno.o(.text)
    _printf_fp_infnan                        0x08001a15   Thumb Code   112  _printf_fp_infnan.o(.text)
    _scanf_really_hex_real                   0x08001a95   Thumb Code   778  scanf_hexfp.o(.text)
    _scanf_really_infnan                     0x08001dad   Thumb Code   292  scanf_infnan.o(.text)
    exit                                     0x08001ee1   Thumb Code    12  exit.o(.text)
    strcmp                                   0x08001eed   Thumb Code   128  strcmpv7m.o(.text)
    __aeabi_llsl                             0x08001f6d   Thumb Code     0  llshl.o(.text)
    _ll_shift_l                              0x08001f6d   Thumb Code    38  llshl.o(.text)
    _sys_exit                                0x08001f95   Thumb Code     8  sys_exit.o(.text)
    __I$use$semihosting                      0x08001fa1   Thumb Code     0  use_no_semi.o(.text)
    __use_no_semihosting_swi                 0x08001fa1   Thumb Code     2  use_no_semi.o(.text)
    __semihosting_library_function           0x08001fa3   Thumb Code     0  indicate_semi.o(.text)
    _btod_d2e                                0x08001fa3   Thumb Code    62  btod.o(CL$$btod_d2e)
    _d2e_denorm_low                          0x08001fe1   Thumb Code    70  btod.o(CL$$btod_d2e_denorm_low)
    _d2e_norm_op1                            0x08002027   Thumb Code    96  btod.o(CL$$btod_d2e_norm_op1)
    __btod_div_common                        0x08002087   Thumb Code   696  btod.o(CL$$btod_div_common)
    _e2d                                     0x080023c1   Thumb Code    80  btod.o(CL$$btod_e2d)
    _e2e                                     0x08002415   Thumb Code   198  btod.o(CL$$btod_e2e)
    _btod_ediv                               0x080024db   Thumb Code    40  btod.o(CL$$btod_ediv)
    _btod_edivd                              0x08002503   Thumb Code    40  btod.o(CL$$btod_edivd)
    _btod_emul                               0x0800252b   Thumb Code    40  btod.o(CL$$btod_emul)
    _btod_emuld                              0x08002553   Thumb Code    40  btod.o(CL$$btod_emuld)
    __btod_mult_common                       0x0800257b   Thumb Code   580  btod.o(CL$$btod_mult_common)
    BusFault_Handler                         0x080027bf   Thumb Code     2  stm32f10x_it.o(i.BusFault_Handler)
    DebugMon_Handler                         0x080027c1   Thumb Code     2  stm32f10x_it.o(i.DebugMon_Handler)
    Delay_Init                               0x080027c3   Thumb Code    12  delay.o(i.Delay_Init)
    Delay_Ms                                 0x080027d1   Thumb Code   242  delay.o(i.Delay_Ms)
    Encoder_TIM2_Init                        0x080028c9   Thumb Code   104  encoder.o(i.Encoder_TIM2_Init)
    GPIO_Init                                0x08002935   Thumb Code   278  stm32f10x_gpio.o(i.GPIO_Init)
    GPIO_ResetBits                           0x08002a4b   Thumb Code     4  stm32f10x_gpio.o(i.GPIO_ResetBits)
    GPIO_SetBits                             0x08002a4f   Thumb Code     4  stm32f10x_gpio.o(i.GPIO_SetBits)
    HardFault_Handler                        0x08002a53   Thumb Code     2  stm32f10x_it.o(i.HardFault_Handler)
    LED_AllOff                               0x08002a55   Thumb Code    20  led.o(i.LED_AllOff)
    LED_Init                                 0x08002a6d   Thumb Code    42  led.o(i.LED_Init)
    MemManage_Handler                        0x08002a9d   Thumb Code     2  stm32f10x_it.o(i.MemManage_Handler)
    NMI_Handler                              0x08002a9f   Thumb Code     2  stm32f10x_it.o(i.NMI_Handler)
    NVIC_Init                                0x08002aa1   Thumb Code   100  misc.o(i.NVIC_Init)
    NVIC_PriorityGroupConfig                 0x08002b11   Thumb Code    10  misc.o(i.NVIC_PriorityGroupConfig)
    PID_Compute                              0x08002b25   Thumb Code   262  main.o(i.PID_Compute)
    PID_Init                                 0x08002c3d   Thumb Code    28  main.o(i.PID_Init)
    PWM_T3CH1_PA6_Init                       0x08002c61   Thumb Code   138  pwm.o(i.PWM_T3CH1_PA6_Init)
    PendSV_Handler                           0x08002cf5   Thumb Code     2  stm32f10x_it.o(i.PendSV_Handler)
    RCC_APB1PeriphClockCmd                   0x08002cf9   Thumb Code    26  stm32f10x_rcc.o(i.RCC_APB1PeriphClockCmd)
    RCC_APB2PeriphClockCmd                   0x08002d19   Thumb Code    26  stm32f10x_rcc.o(i.RCC_APB2PeriphClockCmd)
    RCC_GetClocksFreq                        0x08002d39   Thumb Code   192  stm32f10x_rcc.o(i.RCC_GetClocksFreq)
    Read_Encoder                             0x08002e0d   Thumb Code    26  main.o(i.Read_Encoder)
    SVC_Handler                              0x08002e27   Thumb Code     2  stm32f10x_it.o(i.SVC_Handler)
    SysTick_CLKSourceConfig                  0x08002f11   Thumb Code    40  misc.o(i.SysTick_CLKSourceConfig)
    SysTick_Handler                          0x08002f39   Thumb Code     2  stm32f10x_it.o(i.SysTick_Handler)
    SystemInit                               0x08002f3d   Thumb Code    78  system_stm32f10x.o(i.SystemInit)
    TIM4_IRQHandler                          0x08002f9d   Thumb Code    36  stm32f10x_it.o(i.TIM4_IRQHandler)
    TIM4_Init                                0x08002fc9   Thumb Code   106  timer4.o(i.TIM4_Init)
    TIM_ARRPreloadConfig                     0x08003039   Thumb Code    24  stm32f10x_tim.o(i.TIM_ARRPreloadConfig)
    TIM_ClearITPendingBit                    0x08003051   Thumb Code     6  stm32f10x_tim.o(i.TIM_ClearITPendingBit)
    TIM_Cmd                                  0x08003057   Thumb Code    24  stm32f10x_tim.o(i.TIM_Cmd)
    TIM_EncoderInterfaceConfig               0x0800306f   Thumb Code    66  stm32f10x_tim.o(i.TIM_EncoderInterfaceConfig)
    TIM_GetCounter                           0x080030b1   Thumb Code     6  stm32f10x_tim.o(i.TIM_GetCounter)
    TIM_GetITStatus                          0x080030b7   Thumb Code    34  stm32f10x_tim.o(i.TIM_GetITStatus)
    TIM_ITConfig                             0x080030d9   Thumb Code    18  stm32f10x_tim.o(i.TIM_ITConfig)
    TIM_OC1Init                              0x080030ed   Thumb Code   132  stm32f10x_tim.o(i.TIM_OC1Init)
    TIM_OC1PreloadConfig                     0x08003185   Thumb Code    18  stm32f10x_tim.o(i.TIM_OC1PreloadConfig)
    TIM_SetCompare1                          0x08003197   Thumb Code     4  stm32f10x_tim.o(i.TIM_SetCompare1)
    TIM_SetCounter                           0x0800319b   Thumb Code     4  stm32f10x_tim.o(i.TIM_SetCounter)
    TIM_TimeBaseInit                         0x080031a1   Thumb Code   122  stm32f10x_tim.o(i.TIM_TimeBaseInit)
    USART1_IRQHandler                        0x08003245   Thumb Code    64  stm32f10x_it.o(i.USART1_IRQHandler)
    USART_ClearFlag                          0x08003295   Thumb Code    18  stm32f10x_usart.o(i.USART_ClearFlag)
    USART_Cmd                                0x080032a7   Thumb Code    24  stm32f10x_usart.o(i.USART_Cmd)
    USART_GetITStatus                        0x080032bf   Thumb Code    84  stm32f10x_usart.o(i.USART_GetITStatus)
    USART_ITConfig                           0x08003313   Thumb Code    74  stm32f10x_usart.o(i.USART_ITConfig)
    USART_Init                               0x0800335d   Thumb Code   210  stm32f10x_usart.o(i.USART_Init)
    USART_ReceiveData                        0x08003435   Thumb Code    10  stm32f10x_usart.o(i.USART_ReceiveData)
    UsageFault_Handler                       0x0800343f   Thumb Code     2  stm32f10x_it.o(i.UsageFault_Handler)
    Usart1_Init                              0x08003441   Thumb Code   174  usart1.o(i.Usart1_Init)
    __ARM_fpclassify                         0x080034f9   Thumb Code    40  fpclassify.o(i.__ARM_fpclassify)
    __mathlib_dbl_overflow                   0x08003521   Thumb Code    14  dunder.o(i.__mathlib_dbl_overflow)
    __mathlib_dbl_underflow                  0x08003531   Thumb Code    10  dunder.o(i.__mathlib_dbl_underflow)
    __mathlib_narrow                         0x08003541   Thumb Code    16  narrow.o(i.__mathlib_narrow)
    __mathlib_tofloat                        0x08003551   Thumb Code   132  narrow.o(i.__mathlib_tofloat)
    __support_ldexp                          0x080035d9   Thumb Code    22  ldexp.o(i.__support_ldexp)
    _is_digit                                0x080035ef   Thumb Code    14  __printf_wp.o(i._is_digit)
    frexp                                    0x080035fd   Thumb Code    80  frexp.o(i.frexp)
    ldexp                                    0x08003655   Thumb Code   116  ldexp.o(i.ldexp)
    main                                     0x080036c9   Thumb Code   374  main.o(i.main)
    u1_printf                                0x080038c5   Thumb Code    84  usart1.o(i.u1_printf)
    _get_lc_numeric                          0x08003921   Thumb Code    44  lc_numeric_c.o(locale$$code)
    _get_lc_ctype                            0x0800394d   Thumb Code    44  lc_ctype_c.o(locale$$code)
    __aeabi_d2f                              0x08003979   Thumb Code     0  d2f.o(x$fpl$d2f)
    _d2f                                     0x08003979   Thumb Code    98  d2f.o(x$fpl$d2f)
    __fpl_dcheck_NaN1                        0x080039dd   Thumb Code    10  dcheck1.o(x$fpl$dcheck1)
    __fpl_dcmp_Inf                           0x080039ed   Thumb Code    24  dcmpi.o(x$fpl$dcmpinf)
    __aeabi_ddiv                             0x08003a05   Thumb Code     0  ddiv.o(x$fpl$ddiv)
    _ddiv                                    0x08003a05   Thumb Code   552  ddiv.o(x$fpl$ddiv)
    __aeabi_cdcmpeq                          0x08003cb5   Thumb Code     0  deqf.o(x$fpl$deqf)
    _dcmpeq                                  0x08003cb5   Thumb Code   120  deqf.o(x$fpl$deqf)
    __aeabi_cdcmple                          0x08003d2d   Thumb Code     0  dleqf.o(x$fpl$dleqf)
    _dcmple                                  0x08003d2d   Thumb Code   120  dleqf.o(x$fpl$dleqf)
    __fpl_dcmple_InfNaN                      0x08003d8f   Thumb Code     0  dleqf.o(x$fpl$dleqf)
    __aeabi_dmul                             0x08003da5   Thumb Code     0  dmul.o(x$fpl$dmul)
    _dmul                                    0x08003da5   Thumb Code   332  dmul.o(x$fpl$dmul)
    __fpl_dnaninf                            0x08003ef9   Thumb Code   156  dnaninf.o(x$fpl$dnaninf)
    __fpl_dretinf                            0x08003f95   Thumb Code    12  dretinf.o(x$fpl$dretinf)
    __aeabi_cdrcmple                         0x08003fa1   Thumb Code     0  drleqf.o(x$fpl$drleqf)
    _drcmple                                 0x08003fa1   Thumb Code   108  drleqf.o(x$fpl$drleqf)
    __aeabi_f2d                              0x0800400d   Thumb Code     0  f2d.o(x$fpl$f2d)
    _f2d                                     0x0800400d   Thumb Code    86  f2d.o(x$fpl$f2d)
    __aeabi_fadd                             0x08004065   Thumb Code     0  faddsub_clz.o(x$fpl$fadd)
    _fadd                                    0x08004065   Thumb Code   196  faddsub_clz.o(x$fpl$fadd)
    __fpl_fcmp_Inf                           0x08004129   Thumb Code    24  fcmpi.o(x$fpl$fcmpinf)
    __aeabi_fdiv                             0x08004141   Thumb Code     0  fdiv.o(x$fpl$fdiv)
    _fdiv                                    0x08004141   Thumb Code   384  fdiv.o(x$fpl$fdiv)
    __aeabi_f2iz                             0x080042c5   Thumb Code     0  ffix.o(x$fpl$ffix)
    _ffix                                    0x080042c5   Thumb Code    54  ffix.o(x$fpl$ffix)
    __aeabi_i2f                              0x080042fd   Thumb Code     0  fflt_clz.o(x$fpl$fflt)
    _fflt                                    0x080042fd   Thumb Code    48  fflt_clz.o(x$fpl$fflt)
    __aeabi_cfcmple                          0x0800432d   Thumb Code     0  fleqf.o(x$fpl$fleqf)
    _fcmple                                  0x0800432d   Thumb Code   104  fleqf.o(x$fpl$fleqf)
    __fpl_fcmple_InfNaN                      0x0800437f   Thumb Code     0  fleqf.o(x$fpl$fleqf)
    __aeabi_fmul                             0x08004395   Thumb Code     0  fmul.o(x$fpl$fmul)
    _fmul                                    0x08004395   Thumb Code   258  fmul.o(x$fpl$fmul)
    __fpl_fnaninf                            0x08004497   Thumb Code   140  fnaninf.o(x$fpl$fnaninf)
    __fpl_fretinf                            0x08004523   Thumb Code    10  fretinf.o(x$fpl$fretinf)
    __aeabi_cfrcmple                         0x0800452d   Thumb Code     0  frleqf.o(x$fpl$frleqf)
    _frcmple                                 0x0800452d   Thumb Code    98  frleqf.o(x$fpl$frleqf)
    __aeabi_frsub                            0x0800458f   Thumb Code     0  faddsub_clz.o(x$fpl$frsb)
    _frsb                                    0x0800458f   Thumb Code    20  faddsub_clz.o(x$fpl$frsb)
    __aeabi_fsub                             0x080045a5   Thumb Code     0  faddsub_clz.o(x$fpl$fsub)
    _fsub                                    0x080045a5   Thumb Code   234  faddsub_clz.o(x$fpl$fsub)
    _printf_fp_dec                           0x0800468f   Thumb Code     4  printf1.o(x$fpl$printf1)
    __fpl_return_NaN                         0x08004693   Thumb Code   100  retnan.o(x$fpl$retnan)
    __ARM_scalbn                             0x080046f7   Thumb Code    92  scalbn.o(x$fpl$scalbn)
    _scanf_real                              0x08004753   Thumb Code     4  scanf1.o(x$fpl$scanf1)
    _scanf_hex_real                          0x08004757   Thumb Code     4  scanf2.o(x$fpl$scanf2)
    _scanf_infnan                            0x0800475b   Thumb Code     4  scanf2.o(x$fpl$scanf2)
    __fpl_cmpreturn                          0x0800475f   Thumb Code    48  trapv.o(x$fpl$trapveneer)
    __I$use$fp                               0x0800478e   Number         0  usenofp.o(x$fpl$usenofp)
    Region$$Table$$Base                      0x08004868   Number         0  anon$$obj.o(Region$$Table)
    Region$$Table$$Limit                     0x08004888   Number         0  anon$$obj.o(Region$$Table)
    __aeabi_HUGE_VAL                         0x08004888   Data           0  fpconst.o(c$$dinf)
    __aeabi_HUGE_VALL                        0x08004888   Data           0  fpconst.o(c$$dinf)
    __aeabi_INFINITY                         0x08004888   Data           0  fpconst.o(c$$dinf)
    __dInf                                   0x08004888   Data           0  fpconst.o(c$$dinf)
    __huge_val                               0x08004888   Data           0  fpconst.o(c$$dinf)
    __ctype                                  0x080048b9   Data           0  lc_ctype_c.o(locale$$data)
    I_LIMIT                                  0x20000000   Data           4  main.o(.data)
    PID_OUT_LIMIT                            0x20000004   Data           4  main.o(.data)
    Usart1_RxCompleted                       0x20000008   Data           1  usart1.o(.data)
    Usart1_RxCounter                         0x2000000c   Data           4  usart1.o(.data)
    pid                                      0x20000024   Data          40  main.o(.bss)
    Usart1_RxBuff                            0x20000050   Data         256  usart1.o(.bss)
    Usart1_TxBuff                            0x20000150   Data         256  usart1.o(.bss)
    __libspace_start                         0x20000250   Data          96  libspace.o(.bss)
    __temporary_stack_top$libspace           0x200002b0   Data           0  libspace.o(.bss)



==============================================================================

Memory Map of the image

  Image Entry point : 0x08000279

  Load Region LR_1 (Base: 0x08000000, Size: 0x000049e0, Max: 0xffffffff, ABSOLUTE)

    Execution Region ER_RO (Base: 0x08000000, Size: 0x000049bc, Max: 0xffffffff, ABSOLUTE)

    Base Addr    Size         Type   Attr      Idx    E Section Name        Object

    0x08000000   0x00000130   Data   RO          406    RESET               startup_stm32f10x_hd.o
    0x08000130   0x00000008   Code   RO         1501  * !!!main             c_w.l(__main.o)
    0x08000138   0x00000034   Code   RO         1953    !!!scatter          c_w.l(__scatter.o)
    0x0800016c   0x0000001a   Code   RO         1955    !!handler_copy      c_w.l(__scatter_copy.o)
    0x08000186   0x00000002   PAD
    0x08000188   0x0000001c   Code   RO         1957    !!handler_zi        c_w.l(__scatter_zi.o)
    0x080001a4   0x00000000   Code   RO         1623    .ARM.Collect$$_printf_percent$$00000000  c_w.l(_printf_percent.o)
    0x080001a4   0x00000006   Code   RO         1612    .ARM.Collect$$_printf_percent$$00000001  c_w.l(_printf_n.o)
    0x080001aa   0x00000006   Code   RO         1614    .ARM.Collect$$_printf_percent$$00000002  c_w.l(_printf_p.o)
    0x080001b0   0x00000006   Code   RO         1619    .ARM.Collect$$_printf_percent$$00000003  c_w.l(_printf_f.o)
    0x080001b6   0x00000006   Code   RO         1620    .ARM.Collect$$_printf_percent$$00000004  c_w.l(_printf_e.o)
    0x080001bc   0x00000006   Code   RO         1621    .ARM.Collect$$_printf_percent$$00000005  c_w.l(_printf_g.o)
    0x080001c2   0x00000006   Code   RO         1622    .ARM.Collect$$_printf_percent$$00000006  c_w.l(_printf_a.o)
    0x080001c8   0x0000000a   Code   RO         1627    .ARM.Collect$$_printf_percent$$00000007  c_w.l(_printf_ll.o)
    0x080001d2   0x00000006   Code   RO         1616    .ARM.Collect$$_printf_percent$$00000008  c_w.l(_printf_i.o)
    0x080001d8   0x00000006   Code   RO         1617    .ARM.Collect$$_printf_percent$$00000009  c_w.l(_printf_d.o)
    0x080001de   0x00000006   Code   RO         1618    .ARM.Collect$$_printf_percent$$0000000A  c_w.l(_printf_u.o)
    0x080001e4   0x00000006   Code   RO         1615    .ARM.Collect$$_printf_percent$$0000000B  c_w.l(_printf_o.o)
    0x080001ea   0x00000006   Code   RO         1613    .ARM.Collect$$_printf_percent$$0000000C  c_w.l(_printf_x.o)
    0x080001f0   0x00000006   Code   RO         1624    .ARM.Collect$$_printf_percent$$0000000D  c_w.l(_printf_lli.o)
    0x080001f6   0x00000006   Code   RO         1625    .ARM.Collect$$_printf_percent$$0000000E  c_w.l(_printf_lld.o)
    0x080001fc   0x00000006   Code   RO         1626    .ARM.Collect$$_printf_percent$$0000000F  c_w.l(_printf_llu.o)
    0x08000202   0x00000006   Code   RO         1631    .ARM.Collect$$_printf_percent$$00000010  c_w.l(_printf_llo.o)
    0x08000208   0x00000006   Code   RO         1632    .ARM.Collect$$_printf_percent$$00000011  c_w.l(_printf_llx.o)
    0x0800020e   0x0000000a   Code   RO         1628    .ARM.Collect$$_printf_percent$$00000012  c_w.l(_printf_l.o)
    0x08000218   0x00000006   Code   RO         1610    .ARM.Collect$$_printf_percent$$00000013  c_w.l(_printf_c.o)
    0x0800021e   0x00000006   Code   RO         1611    .ARM.Collect$$_printf_percent$$00000014  c_w.l(_printf_s.o)
    0x08000224   0x00000006   Code   RO         1629    .ARM.Collect$$_printf_percent$$00000015  c_w.l(_printf_lc.o)
    0x0800022a   0x00000006   Code   RO         1630    .ARM.Collect$$_printf_percent$$00000016  c_w.l(_printf_ls.o)
    0x08000230   0x00000004   Code   RO         1693    .ARM.Collect$$_printf_percent$$00000017  c_w.l(_printf_percent_end.o)
    0x08000234   0x00000002   Code   RO         1767    .ARM.Collect$$libinit$$00000000  c_w.l(libinit.o)
    0x08000236   0x00000000   Code   RO         1769    .ARM.Collect$$libinit$$00000002  c_w.l(libinit2.o)
    0x08000236   0x00000000   Code   RO         1771    .ARM.Collect$$libinit$$00000004  c_w.l(libinit2.o)
    0x08000236   0x00000000   Code   RO         1774    .ARM.Collect$$libinit$$0000000A  c_w.l(libinit2.o)
    0x08000236   0x00000000   Code   RO         1776    .ARM.Collect$$libinit$$0000000C  c_w.l(libinit2.o)
    0x08000236   0x00000000   Code   RO         1778    .ARM.Collect$$libinit$$0000000E  c_w.l(libinit2.o)
    0x08000236   0x00000006   Code   RO         1779    .ARM.Collect$$libinit$$0000000F  c_w.l(libinit2.o)
    0x0800023c   0x00000000   Code   RO         1781    .ARM.Collect$$libinit$$00000011  c_w.l(libinit2.o)
    0x0800023c   0x0000000c   Code   RO         1782    .ARM.Collect$$libinit$$00000012  c_w.l(libinit2.o)
    0x08000248   0x00000000   Code   RO         1783    .ARM.Collect$$libinit$$00000013  c_w.l(libinit2.o)
    0x08000248   0x00000000   Code   RO         1785    .ARM.Collect$$libinit$$00000015  c_w.l(libinit2.o)
    0x08000248   0x0000000a   Code   RO         1786    .ARM.Collect$$libinit$$00000016  c_w.l(libinit2.o)
    0x08000252   0x00000000   Code   RO         1787    .ARM.Collect$$libinit$$00000017  c_w.l(libinit2.o)
    0x08000252   0x00000000   Code   RO         1789    .ARM.Collect$$libinit$$00000019  c_w.l(libinit2.o)
    0x08000252   0x00000000   Code   RO         1791    .ARM.Collect$$libinit$$0000001B  c_w.l(libinit2.o)
    0x08000252   0x00000000   Code   RO         1793    .ARM.Collect$$libinit$$0000001D  c_w.l(libinit2.o)
    0x08000252   0x00000000   Code   RO         1795    .ARM.Collect$$libinit$$0000001F  c_w.l(libinit2.o)
    0x08000252   0x00000000   Code   RO         1797    .ARM.Collect$$libinit$$00000021  c_w.l(libinit2.o)
    0x08000252   0x00000000   Code   RO         1799    .ARM.Collect$$libinit$$00000023  c_w.l(libinit2.o)
    0x08000252   0x00000000   Code   RO         1801    .ARM.Collect$$libinit$$00000025  c_w.l(libinit2.o)
    0x08000252   0x00000000   Code   RO         1805    .ARM.Collect$$libinit$$0000002C  c_w.l(libinit2.o)
    0x08000252   0x00000000   Code   RO         1807    .ARM.Collect$$libinit$$0000002E  c_w.l(libinit2.o)
    0x08000252   0x00000000   Code   RO         1809    .ARM.Collect$$libinit$$00000030  c_w.l(libinit2.o)
    0x08000252   0x00000000   Code   RO         1811    .ARM.Collect$$libinit$$00000032  c_w.l(libinit2.o)
    0x08000252   0x00000002   Code   RO         1812    .ARM.Collect$$libinit$$00000033  c_w.l(libinit2.o)
    0x08000254   0x00000002   Code   RO         1892    .ARM.Collect$$libshutdown$$00000000  c_w.l(libshutdown.o)
    0x08000256   0x00000000   Code   RO         1912    .ARM.Collect$$libshutdown$$00000003  c_w.l(libshutdown2.o)
    0x08000256   0x00000000   Code   RO         1915    .ARM.Collect$$libshutdown$$00000006  c_w.l(libshutdown2.o)
    0x08000256   0x00000000   Code   RO         1918    .ARM.Collect$$libshutdown$$00000009  c_w.l(libshutdown2.o)
    0x08000256   0x00000000   Code   RO         1920    .ARM.Collect$$libshutdown$$0000000B  c_w.l(libshutdown2.o)
    0x08000256   0x00000000   Code   RO         1923    .ARM.Collect$$libshutdown$$0000000E  c_w.l(libshutdown2.o)
    0x08000256   0x00000002   Code   RO         1924    .ARM.Collect$$libshutdown$$0000000F  c_w.l(libshutdown2.o)
    0x08000258   0x00000000   Code   RO         1541    .ARM.Collect$$rtentry$$00000000  c_w.l(__rtentry.o)
    0x08000258   0x00000000   Code   RO         1655    .ARM.Collect$$rtentry$$00000002  c_w.l(__rtentry2.o)
    0x08000258   0x00000006   Code   RO         1667    .ARM.Collect$$rtentry$$00000004  c_w.l(__rtentry4.o)
    0x0800025e   0x00000000   Code   RO         1657    .ARM.Collect$$rtentry$$00000009  c_w.l(__rtentry2.o)
    0x0800025e   0x00000004   Code   RO         1658    .ARM.Collect$$rtentry$$0000000A  c_w.l(__rtentry2.o)
    0x08000262   0x00000000   Code   RO         1660    .ARM.Collect$$rtentry$$0000000C  c_w.l(__rtentry2.o)
    0x08000262   0x00000008   Code   RO         1661    .ARM.Collect$$rtentry$$0000000D  c_w.l(__rtentry2.o)
    0x0800026a   0x00000002   Code   RO         1823    .ARM.Collect$$rtexit$$00000000  c_w.l(rtexit.o)
    0x0800026c   0x00000000   Code   RO         1853    .ARM.Collect$$rtexit$$00000002  c_w.l(rtexit2.o)
    0x0800026c   0x00000004   Code   RO         1854    .ARM.Collect$$rtexit$$00000003  c_w.l(rtexit2.o)
    0x08000270   0x00000006   Code   RO         1855    .ARM.Collect$$rtexit$$00000004  c_w.l(rtexit2.o)
    0x08000276   0x00000002   PAD
    0x08000278   0x00000040   Code   RO          407  * .text               startup_stm32f10x_hd.o
    0x080002b8   0x00000024   Code   RO         1491    .text               c_w.l(c89vsprintf.o)
    0x080002dc   0x0000003c   Code   RO         1493    .text               c_w.l(__0sscanf.o)
    0x08000318   0x0000014c   Code   RO         1495    .text               c_w.l(_scanf_int.o)
    0x08000464   0x0000003e   Code   RO         1497    .text               c_w.l(strlen.o)
    0x080004a2   0x00000006   Code   RO         1499    .text               c_w.l(heapauxi.o)
    0x080004a8   0x0000004e   Code   RO         1544    .text               c_w.l(_printf_pad.o)
    0x080004f6   0x00000024   Code   RO         1546    .text               c_w.l(_printf_truncate.o)
    0x0800051a   0x00000052   Code   RO         1548    .text               c_w.l(_printf_str.o)
    0x0800056c   0x00000078   Code   RO         1550    .text               c_w.l(_printf_dec.o)
    0x080005e4   0x00000028   Code   RO         1552    .text               c_w.l(_printf_charcount.o)
    0x0800060c   0x00000030   Code   RO         1554    .text               c_w.l(_printf_char_common.o)
    0x0800063c   0x0000000a   Code   RO         1556    .text               c_w.l(_sputc.o)
    0x08000646   0x00000002   PAD
    0x08000648   0x000000bc   Code   RO         1558    .text               c_w.l(_printf_wctomb.o)
    0x08000704   0x0000007c   Code   RO         1561    .text               c_w.l(_printf_longlong_dec.o)
    0x08000780   0x00000070   Code   RO         1567    .text               c_w.l(_printf_oct_int_ll.o)
    0x080007f0   0x00000094   Code   RO         1587    .text               c_w.l(_printf_hex_int_ll_ptr.o)
    0x08000884   0x00000188   Code   RO         1607    .text               c_w.l(__printf_flags_ss_wp.o)
    0x08000a0c   0x0000001c   Code   RO         1633    .text               c_w.l(_chval.o)
    0x08000a28   0x000004a4   Code   RO         1635    .text               c_w.l(scanf_fp.o)
    0x08000ecc   0x0000002c   Code   RO         1637    .text               c_w.l(scanf_char.o)
    0x08000ef8   0x00000040   Code   RO         1639    .text               c_w.l(_sgetc.o)
    0x08000f38   0x00000008   Code   RO         1672    .text               c_w.l(rt_locale_intlibspace.o)
    0x08000f40   0x00000008   Code   RO         1677    .text               c_w.l(rt_errno_addr_intlibspace.o)
    0x08000f48   0x0000008a   Code   RO         1679    .text               c_w.l(lludiv10.o)
    0x08000fd2   0x00000012   Code   RO         1681    .text               c_w.l(isspace.o)
    0x08000fe4   0x000000b2   Code   RO         1683    .text               c_w.l(_printf_intcommon.o)
    0x08001096   0x0000041a   Code   RO         1685    .text               c_w.l(_printf_fp_dec.o)
    0x080014b0   0x0000002c   Code   RO         1689    .text               c_w.l(_printf_char.o)
    0x080014dc   0x0000002c   Code   RO         1691    .text               c_w.l(_printf_wchar.o)
    0x08001508   0x00000374   Code   RO         1694    .text               c_w.l(_scanf.o)
    0x0800187c   0x000000dc   Code   RO         1696    .text               c_w.l(bigflt0.o)
    0x08001958   0x00000040   Code   RO         1721    .text               c_w.l(_wcrtomb.o)
    0x08001998   0x00000008   Code   RO         1743    .text               c_w.l(libspace.o)
    0x080019a0   0x0000004a   Code   RO         1746    .text               c_w.l(sys_stackheap_outer.o)
    0x080019ea   0x00000002   PAD
    0x080019ec   0x00000010   Code   RO         1748    .text               c_w.l(rt_ctype_table.o)
    0x080019fc   0x00000016   Code   RO         1750    .text               c_w.l(_rserrno.o)
    0x08001a12   0x00000002   PAD
    0x08001a14   0x00000080   Code   RO         1752    .text               c_w.l(_printf_fp_infnan.o)
    0x08001a94   0x00000318   Code   RO         1754    .text               c_w.l(scanf_hexfp.o)
    0x08001dac   0x00000134   Code   RO         1756    .text               c_w.l(scanf_infnan.o)
    0x08001ee0   0x0000000c   Code   RO         1758    .text               c_w.l(exit.o)
    0x08001eec   0x00000080   Code   RO         1760    .text               c_w.l(strcmpv7m.o)
    0x08001f6c   0x00000026   Code   RO         1825    .text               c_w.l(llshl.o)
    0x08001f92   0x00000002   PAD
    0x08001f94   0x0000000c   Code   RO         1882    .text               c_w.l(sys_exit.o)
    0x08001fa0   0x00000002   Code   RO         1901    .text               c_w.l(use_no_semi.o)
    0x08001fa2   0x00000000   Code   RO         1903    .text               c_w.l(indicate_semi.o)
    0x08001fa2   0x0000003e   Code   RO         1699    CL$$btod_d2e        c_w.l(btod.o)
    0x08001fe0   0x00000046   Code   RO         1701    CL$$btod_d2e_denorm_low  c_w.l(btod.o)
    0x08002026   0x00000060   Code   RO         1700    CL$$btod_d2e_norm_op1  c_w.l(btod.o)
    0x08002086   0x00000338   Code   RO         1709    CL$$btod_div_common  c_w.l(btod.o)
    0x080023be   0x00000002   PAD
    0x080023c0   0x00000054   Code   RO         1707    CL$$btod_e2d        c_w.l(btod.o)
    0x08002414   0x000000c6   Code   RO         1706    CL$$btod_e2e        c_w.l(btod.o)
    0x080024da   0x00000028   Code   RO         1703    CL$$btod_ediv       c_w.l(btod.o)
    0x08002502   0x00000028   Code   RO         1705    CL$$btod_edivd      c_w.l(btod.o)
    0x0800252a   0x00000028   Code   RO         1702    CL$$btod_emul       c_w.l(btod.o)
    0x08002552   0x00000028   Code   RO         1704    CL$$btod_emuld      c_w.l(btod.o)
    0x0800257a   0x00000244   Code   RO         1708    CL$$btod_mult_common  c_w.l(btod.o)
    0x080027be   0x00000002   Code   RO          230    i.BusFault_Handler  stm32f10x_it.o
    0x080027c0   0x00000002   Code   RO          231    i.DebugMon_Handler  stm32f10x_it.o
    0x080027c2   0x0000000c   Code   RO          162    i.Delay_Init        delay.o
    0x080027ce   0x00000002   PAD
    0x080027d0   0x000000f8   Code   RO          163    i.Delay_Ms          delay.o
    0x080028c8   0x0000006c   Code   RO          347    i.Encoder_TIM2_Init  encoder.o
    0x08002934   0x00000116   Code   RO         1381    i.GPIO_Init         stm32f10x_gpio.o
    0x08002a4a   0x00000004   Code   RO         1388    i.GPIO_ResetBits    stm32f10x_gpio.o
    0x08002a4e   0x00000004   Code   RO         1389    i.GPIO_SetBits      stm32f10x_gpio.o
    0x08002a52   0x00000002   Code   RO          232    i.HardFault_Handler  stm32f10x_it.o
    0x08002a54   0x00000018   Code   RO          323    i.LED_AllOff        led.o
    0x08002a6c   0x00000030   Code   RO          325    i.LED_Init          led.o
    0x08002a9c   0x00000002   Code   RO          233    i.MemManage_Handler  stm32f10x_it.o
    0x08002a9e   0x00000002   Code   RO          234    i.NMI_Handler       stm32f10x_it.o
    0x08002aa0   0x00000070   Code   RO          411    i.NVIC_Init         misc.o
    0x08002b10   0x00000014   Code   RO          412    i.NVIC_PriorityGroupConfig  misc.o
    0x08002b24   0x00000118   Code   RO            1    i.PID_Compute       main.o
    0x08002c3c   0x00000024   Code   RO            2    i.PID_Init          main.o
    0x08002c60   0x00000094   Code   RO          305    i.PWM_T3CH1_PA6_Init  pwm.o
    0x08002cf4   0x00000002   Code   RO          235    i.PendSV_Handler    stm32f10x_it.o
    0x08002cf6   0x00000002   PAD
    0x08002cf8   0x00000020   Code   RO          449    i.RCC_APB1PeriphClockCmd  stm32f10x_rcc.o
    0x08002d18   0x00000020   Code   RO          451    i.RCC_APB2PeriphClockCmd  stm32f10x_rcc.o
    0x08002d38   0x000000d4   Code   RO          459    i.RCC_GetClocksFreq  stm32f10x_rcc.o
    0x08002e0c   0x0000001a   Code   RO            3    i.Read_Encoder      main.o
    0x08002e26   0x00000002   Code   RO          236    i.SVC_Handler       stm32f10x_it.o
    0x08002e28   0x00000008   Code   RO          370    i.SetSysClock       system_stm32f10x.o
    0x08002e30   0x000000e0   Code   RO          371    i.SetSysClockTo72   system_stm32f10x.o
    0x08002f10   0x00000028   Code   RO          415    i.SysTick_CLKSourceConfig  misc.o
    0x08002f38   0x00000002   Code   RO          237    i.SysTick_Handler   stm32f10x_it.o
    0x08002f3a   0x00000002   PAD
    0x08002f3c   0x00000060   Code   RO          373    i.SystemInit        system_stm32f10x.o
    0x08002f9c   0x0000002c   Code   RO          238    i.TIM4_IRQHandler   stm32f10x_it.o
    0x08002fc8   0x00000070   Code   RO          218    i.TIM4_Init         timer4.o
    0x08003038   0x00000018   Code   RO          651    i.TIM_ARRPreloadConfig  stm32f10x_tim.o
    0x08003050   0x00000006   Code   RO          658    i.TIM_ClearITPendingBit  stm32f10x_tim.o
    0x08003056   0x00000018   Code   RO          663    i.TIM_Cmd           stm32f10x_tim.o
    0x0800306e   0x00000042   Code   RO          672    i.TIM_EncoderInterfaceConfig  stm32f10x_tim.o
    0x080030b0   0x00000006   Code   RO          682    i.TIM_GetCounter    stm32f10x_tim.o
    0x080030b6   0x00000022   Code   RO          684    i.TIM_GetITStatus   stm32f10x_tim.o
    0x080030d8   0x00000012   Code   RO          688    i.TIM_ITConfig      stm32f10x_tim.o
    0x080030ea   0x00000002   PAD
    0x080030ec   0x00000098   Code   RO          692    i.TIM_OC1Init       stm32f10x_tim.o
    0x08003184   0x00000012   Code   RO          695    i.TIM_OC1PreloadConfig  stm32f10x_tim.o
    0x08003196   0x00000004   Code   RO          724    i.TIM_SetCompare1   stm32f10x_tim.o
    0x0800319a   0x00000004   Code   RO          728    i.TIM_SetCounter    stm32f10x_tim.o
    0x0800319e   0x00000002   PAD
    0x080031a0   0x000000a4   Code   RO          734    i.TIM_TimeBaseInit  stm32f10x_tim.o
    0x08003244   0x00000050   Code   RO          239    i.USART1_IRQHandler  stm32f10x_it.o
    0x08003294   0x00000012   Code   RO         1195    i.USART_ClearFlag   stm32f10x_usart.o
    0x080032a6   0x00000018   Code   RO         1199    i.USART_Cmd         stm32f10x_usart.o
    0x080032be   0x00000054   Code   RO         1203    i.USART_GetITStatus  stm32f10x_usart.o
    0x08003312   0x0000004a   Code   RO         1205    i.USART_ITConfig    stm32f10x_usart.o
    0x0800335c   0x000000d8   Code   RO         1206    i.USART_Init        stm32f10x_usart.o
    0x08003434   0x0000000a   Code   RO         1213    i.USART_ReceiveData  stm32f10x_usart.o
    0x0800343e   0x00000002   Code   RO          240    i.UsageFault_Handler  stm32f10x_it.o
    0x08003440   0x000000b8   Code   RO          186    i.Usart1_Init       usart1.o
    0x080034f8   0x00000028   Code   RO         1817    i.__ARM_fpclassify  m_ws.l(fpclassify.o)
    0x08003520   0x0000000e   Code   RO         1869    i.__mathlib_dbl_overflow  m_ws.l(dunder.o)
    0x0800352e   0x00000002   PAD
    0x08003530   0x00000010   Code   RO         1871    i.__mathlib_dbl_underflow  m_ws.l(dunder.o)
    0x08003540   0x00000010   Code   RO         1737    i.__mathlib_narrow  m_ws.l(narrow.o)
    0x08003550   0x00000088   Code   RO         1738    i.__mathlib_tofloat  m_ws.l(narrow.o)
    0x080035d8   0x00000016   Code   RO         1841    i.__support_ldexp   m_ws.l(ldexp.o)
    0x080035ee   0x0000000e   Code   RO         1600    i._is_digit         c_w.l(__printf_wp.o)
    0x080035fc   0x00000058   Code   RO         1820    i.frexp             m_ws.l(frexp.o)
    0x08003654   0x00000074   Code   RO         1842    i.ldexp             m_ws.l(ldexp.o)
    0x080036c8   0x000001fc   Code   RO            4    i.main              main.o
    0x080038c4   0x0000005c   Code   RO          187    i.u1_printf         usart1.o
    0x08003920   0x0000002c   Code   RO         1724    locale$$code        c_w.l(lc_numeric_c.o)
    0x0800394c   0x0000002c   Code   RO         1828    locale$$code        c_w.l(lc_ctype_c.o)
    0x08003978   0x00000062   Code   RO         1503    x$fpl$d2f           fz_ws.l(d2f.o)
    0x080039da   0x00000002   PAD
    0x080039dc   0x00000010   Code   RO         1863    x$fpl$dcheck1       fz_ws.l(dcheck1.o)
    0x080039ec   0x00000018   Code   RO         1832    x$fpl$dcmpinf       fz_ws.l(dcmpi.o)
    0x08003a04   0x000002b0   Code   RO         1506    x$fpl$ddiv          fz_ws.l(ddiv.o)
    0x08003cb4   0x00000078   Code   RO         1813    x$fpl$deqf          fz_ws.l(deqf.o)
    0x08003d2c   0x00000078   Code   RO         1834    x$fpl$dleqf         fz_ws.l(dleqf.o)
    0x08003da4   0x00000154   Code   RO         1509    x$fpl$dmul          fz_ws.l(dmul.o)
    0x08003ef8   0x0000009c   Code   RO         1641    x$fpl$dnaninf       fz_ws.l(dnaninf.o)
    0x08003f94   0x0000000c   Code   RO         1643    x$fpl$dretinf       fz_ws.l(dretinf.o)
    0x08003fa0   0x0000006c   Code   RO         1815    x$fpl$drleqf        fz_ws.l(drleqf.o)
    0x0800400c   0x00000056   Code   RO         1511    x$fpl$f2d           fz_ws.l(f2d.o)
    0x08004062   0x00000002   PAD
    0x08004064   0x000000c4   Code   RO         1513    x$fpl$fadd          fz_ws.l(faddsub_clz.o)
    0x08004128   0x00000018   Code   RO         1645    x$fpl$fcmpinf       fz_ws.l(fcmpi.o)
    0x08004140   0x00000184   Code   RO         1520    x$fpl$fdiv          fz_ws.l(fdiv.o)
    0x080042c4   0x00000036   Code   RO         1523    x$fpl$ffix          fz_ws.l(ffix.o)
    0x080042fa   0x00000002   PAD
    0x080042fc   0x00000030   Code   RO         1528    x$fpl$fflt          fz_ws.l(fflt_clz.o)
    0x0800432c   0x00000068   Code   RO         1533    x$fpl$fleqf         fz_ws.l(fleqf.o)
    0x08004394   0x00000102   Code   RO         1535    x$fpl$fmul          fz_ws.l(fmul.o)
    0x08004496   0x0000008c   Code   RO         1647    x$fpl$fnaninf       fz_ws.l(fnaninf.o)
    0x08004522   0x0000000a   Code   RO         1649    x$fpl$fretinf       fz_ws.l(fretinf.o)
    0x0800452c   0x00000062   Code   RO         1537    x$fpl$frleqf        fz_ws.l(frleqf.o)
    0x0800458e   0x00000014   Code   RO         1514    x$fpl$frsb          fz_ws.l(faddsub_clz.o)
    0x080045a2   0x00000002   PAD
    0x080045a4   0x000000ea   Code   RO         1515    x$fpl$fsub          fz_ws.l(faddsub_clz.o)
    0x0800468e   0x00000004   Code   RO         1651    x$fpl$printf1       fz_ws.l(printf1.o)
    0x08004692   0x00000064   Code   RO         1899    x$fpl$retnan        fz_ws.l(retnan.o)
    0x080046f6   0x0000005c   Code   RO         1838    x$fpl$scalbn        fz_ws.l(scalbn.o)
    0x08004752   0x00000004   Code   RO         1539    x$fpl$scanf1        fz_ws.l(scanf1.o)
    0x08004756   0x00000008   Code   RO         1731    x$fpl$scanf2        fz_ws.l(scanf2.o)
    0x0800475e   0x00000030   Code   RO         1925    x$fpl$trapveneer    fz_ws.l(trapv.o)
    0x0800478e   0x00000000   Code   RO         1653    x$fpl$usenofp       fz_ws.l(usenofp.o)
    0x0800478e   0x00000002   PAD
    0x08004790   0x00000008   Data   RO         1559    .constdata          c_w.l(_printf_wctomb.o)
    0x08004798   0x00000028   Data   RO         1588    .constdata          c_w.l(_printf_hex_int_ll_ptr.o)
    0x080047c0   0x00000011   Data   RO         1608    .constdata          c_w.l(__printf_flags_ss_wp.o)
    0x080047d1   0x00000003   PAD
    0x080047d4   0x00000094   Data   RO         1697    .constdata          c_w.l(bigflt0.o)
    0x08004868   0x00000020   Data   RO         1951    Region$$Table       anon$$obj.o
    0x08004888   0x00000008   Data   RO         1726    c$$dinf             fz_ws.l(fpconst.o)
    0x08004890   0x0000001c   Data   RO         1723    locale$$data        c_w.l(lc_numeric_c.o)
    0x080048ac   0x00000110   Data   RO         1827    locale$$data        c_w.l(lc_ctype_c.o)


    Execution Region ER_RW (Base: 0x20000000, Size: 0x00000024, Max: 0xffffffff, ABSOLUTE)

    Base Addr    Size         Type   Attr      Idx    E Section Name        Object

    0x20000000   0x00000008   Data   RW            6    .data               main.o
    0x20000008   0x00000008   Data   RW          189    .data               usart1.o
    0x20000010   0x00000014   Data   RW          479    .data               stm32f10x_rcc.o


    Execution Region ER_ZI (Base: 0x20000024, Size: 0x0000088c, Max: 0xffffffff, ABSOLUTE)

    Base Addr    Size         Type   Attr      Idx    E Section Name        Object

    0x20000024   0x00000028   Zero   RW            5    .bss                main.o
    0x2000004c   0x00000004   PAD
    0x20000050   0x00000200   Zero   RW          188    .bss                usart1.o
    0x20000250   0x00000060   Zero   RW         1744    .bss                c_w.l(libspace.o)
    0x200002b0   0x00000200   Zero   RW          405    HEAP                startup_stm32f10x_hd.o
    0x200004b0   0x00000400   Zero   RW          404    STACK               startup_stm32f10x_hd.o


==============================================================================

Image component sizes


      Code (inc. data)   RO Data    RW Data    ZI Data      Debug   Object Name

         0          0          0          0          0         32   core_cm3.o
       260          6          0          0          0       1136   delay.o
       108          4          0          0          0        548   encoder.o
        72         10          0          0          0        896   led.o
       850        160          0          8         40     255759   main.o
       172         22          0          0          0       1885   misc.o
       148         10          0          0          0        713   pwm.o
        64         26        304          0       1536        780   startup_stm32f10x_hd.o
       286          0          0          0          0       2844   stm32f10x_gpio.o
       142         24          0          0          0       4744   stm32f10x_it.o
       276         32          0         20          0       4242   stm32f10x_rcc.o
       520         62          0          0          0       7235   stm32f10x_tim.o
       426          6          0          0          0       5204   stm32f10x_usart.o
       328         28          0          0          0       1785   system_stm32f10x.o
       112          6          0          0          0        636   timer4.o
       276         18          0          8        512       2608   usart1.o

    ----------------------------------------------------------------------
      4050        414        336         36       2092     291047   Object Totals
         0          0         32          0          0          0   (incl. Generated)
        10          0          0          0          4          0   (incl. Padding)

    ----------------------------------------------------------------------

      Code (inc. data)   RO Data    RW Data    ZI Data      Debug   Library Member Name

        60          8          0          0          0         84   __0sscanf.o
         8          0          0          0          0         68   __main.o
       392          4         17          0          0         92   __printf_flags_ss_wp.o
        14          0          0          0          0         68   __printf_wp.o
         0          0          0          0          0          0   __rtentry.o
        12          0          0          0          0          0   __rtentry2.o
         6          0          0          0          0          0   __rtentry4.o
        52          8          0          0          0          0   __scatter.o
        26          0          0          0          0          0   __scatter_copy.o
        28          0          0          0          0          0   __scatter_zi.o
        28          0          0          0          0         68   _chval.o
         6          0          0          0          0          0   _printf_a.o
         6          0          0          0          0          0   _printf_c.o
        44          0          0          0          0        108   _printf_char.o
        48          6          0          0          0         96   _printf_char_common.o
        40          0          0          0          0         68   _printf_charcount.o
         6          0          0          0          0          0   _printf_d.o
       120         16          0          0          0         92   _printf_dec.o
         6          0          0          0          0          0   _printf_e.o
         6          0          0          0          0          0   _printf_f.o
      1050          0          0          0          0        216   _printf_fp_dec.o
       128         16          0          0          0         84   _printf_fp_infnan.o
         6          0          0          0          0          0   _printf_g.o
       148          4         40          0          0        160   _printf_hex_int_ll_ptr.o
         6          0          0          0          0          0   _printf_i.o
       178          0          0          0          0         88   _printf_intcommon.o
        10          0          0          0          0          0   _printf_l.o
         6          0          0          0          0          0   _printf_lc.o
        10          0          0          0          0          0   _printf_ll.o
         6          0          0          0          0          0   _printf_lld.o
         6          0          0          0          0          0   _printf_lli.o
         6          0          0          0          0          0   _printf_llo.o
         6          0          0          0          0          0   _printf_llu.o
         6          0          0          0          0          0   _printf_llx.o
       124         16          0          0          0         92   _printf_longlong_dec.o
         6          0          0          0          0          0   _printf_ls.o
         6          0          0          0          0          0   _printf_n.o
         6          0          0          0          0          0   _printf_o.o
       112          8          0          0          0        124   _printf_oct_int_ll.o
         6          0          0          0          0          0   _printf_p.o
        78          0          0          0          0        108   _printf_pad.o
         0          0          0          0          0          0   _printf_percent.o
         4          0          0          0          0          0   _printf_percent_end.o
         6          0          0          0          0          0   _printf_s.o
        82          0          0          0          0         80   _printf_str.o
        36          0          0          0          0         84   _printf_truncate.o
         6          0          0          0          0          0   _printf_u.o
        44          0          0          0          0        108   _printf_wchar.o
       188          6          8          0          0         92   _printf_wctomb.o
         6          0          0          0          0          0   _printf_x.o
        22          0          0          0          0        100   _rserrno.o
       884          6          0          0          0        100   _scanf.o
       332          0          0          0          0         96   _scanf_int.o
        64          0          0          0          0         84   _sgetc.o
        10          0          0          0          0         68   _sputc.o
        64          0          0          0          0         92   _wcrtomb.o
       220          4        148          0          0         96   bigflt0.o
      2074        132          0          0          0        940   btod.o
        36          4          0          0          0         76   c89vsprintf.o
        12          0          0          0          0         72   exit.o
         6          0          0          0          0        152   heapauxi.o
         0          0          0          0          0          0   indicate_semi.o
        18          0          0          0          0         76   isspace.o
        44         10        272          0          0         76   lc_ctype_c.o
        44         10         28          0          0         76   lc_numeric_c.o
         2          0          0          0          0          0   libinit.o
        30          0          0          0          0          0   libinit2.o
         2          0          0          0          0          0   libshutdown.o
         2          0          0          0          0          0   libshutdown2.o
         8          4          0          0         96         68   libspace.o
        38          0          0          0          0         68   llshl.o
       138          0          0          0          0         80   lludiv10.o
        16          4          0          0          0         76   rt_ctype_table.o
         8          4          0          0          0         68   rt_errno_addr_intlibspace.o
         8          4          0          0          0         68   rt_locale_intlibspace.o
         2          0          0          0          0          0   rtexit.o
        10          0          0          0          0          0   rtexit2.o
        44          8          0          0          0         84   scanf_char.o
      1188         12          0          0          0        148   scanf_fp.o
       792         14          0          0          0        100   scanf_hexfp.o
       308         16          0          0          0        100   scanf_infnan.o
       128          0          0          0          0         68   strcmpv7m.o
        62          0          0          0          0         76   strlen.o
        12          4          0          0          0         68   sys_exit.o
        74          0          0          0          0         80   sys_stackheap_outer.o
         2          0          0          0          0         68   use_no_semi.o
        98          4          0          0          0         92   d2f.o
        16          4          0          0          0         68   dcheck1.o
        24          0          0          0          0         68   dcmpi.o
       688        140          0          0          0        208   ddiv.o
       120          4          0          0          0         92   deqf.o
       120          4          0          0          0         92   dleqf.o
       340         12          0          0          0        104   dmul.o
       156          4          0          0          0         92   dnaninf.o
        12          0          0          0          0         68   dretinf.o
       108          0          0          0          0         80   drleqf.o
        86          4          0          0          0         84   f2d.o
       450          8          0          0          0        236   faddsub_clz.o
        24          0          0          0          0         68   fcmpi.o
       388         76          0          0          0         96   fdiv.o
        54          4          0          0          0         84   ffix.o
        48          0          0          0          0         68   fflt_clz.o
       104          4          0          0          0         84   fleqf.o
       258          4          0          0          0         84   fmul.o
       140          4          0          0          0         84   fnaninf.o
         0          0          8          0          0          0   fpconst.o
        10          0          0          0          0         68   fretinf.o
        98          0          0          0          0         68   frleqf.o
         4          0          0          0          0         68   printf1.o
       100          0          0          0          0         68   retnan.o
        92          0          0          0          0         68   scalbn.o
         4          0          0          0          0         68   scanf1.o
         8          0          0          0          0         84   scanf2.o
        48          0          0          0          0         68   trapv.o
         0          0          0          0          0          0   usenofp.o
        30          6          0          0          0        136   dunder.o
        40          0          0          0          0         68   fpclassify.o
        88          8          0          0          0         76   frexp.o
       138          0          0          0          0        160   ldexp.o
       152          4          0          0          0        168   narrow.o

    ----------------------------------------------------------------------
     13966        624        524          0         96       8324   Library Totals
        26          2          3          0          0          0   (incl. Padding)

    ----------------------------------------------------------------------

      Code (inc. data)   RO Data    RW Data    ZI Data      Debug   Library Name

      9894        328        513          0         96       5304   c_w.l
      3598        276          8          0          0       2412   fz_ws.l
       448         18          0          0          0        608   m_ws.l

    ----------------------------------------------------------------------
     13966        624        524          0         96       8324   Library Totals

    ----------------------------------------------------------------------

==============================================================================


      Code (inc. data)   RO Data    RW Data    ZI Data      Debug   

     18016       1038        860         36       2188     291931   Grand Totals
     18016       1038        860         36       2188     291931   ELF Image Totals
     18016       1038        860         36          0          0   ROM Totals

==============================================================================

    Total RO  Size (Code + RO Data)                18876 (  18.43kB)
    Total RW  Size (RW Data + ZI Data)              2224 (   2.17kB)
    Total ROM Size (Code + RO Data + RW Data)      18912 (  18.47kB)

==============================================================================

